Archive member included to satisfy reference by file (symbol)

/home/dmitryneuro/opt/Ac6/SystemWorkbench/plugins/fr.ac6.mcu.externaltools.arm-none.linux64_1.15.0.201708311556/tools/compiler/bin/../lib/gcc/arm-none-eabi/6.3.1/thumb/v7e-m/fpv5/hard/libgcc.a(_aeabi_uldivmod.o)
                              Drivers/STM32H7xx_HAL_Driver/Src/stm32h7xx_hal_uart.o (__aeabi_uldivmod)
/home/dmitryneuro/opt/Ac6/SystemWorkbench/plugins/fr.ac6.mcu.externaltools.arm-none.linux64_1.15.0.201708311556/tools/compiler/bin/../lib/gcc/arm-none-eabi/6.3.1/thumb/v7e-m/fpv5/hard/libgcc.a(_udivmoddi4.o)
                              /home/dmitryneuro/opt/Ac6/SystemWorkbench/plugins/fr.ac6.mcu.externaltools.arm-none.linux64_1.15.0.201708311556/tools/compiler/bin/../lib/gcc/arm-none-eabi/6.3.1/thumb/v7e-m/fpv5/hard/libgcc.a(_aeabi_uldivmod.o) (__udivmoddi4)
/home/dmitryneuro/opt/Ac6/SystemWorkbench/plugins/fr.ac6.mcu.externaltools.arm-none.linux64_1.15.0.201708311556/tools/compiler/bin/../lib/gcc/arm-none-eabi/6.3.1/thumb/v7e-m/fpv5/hard/libgcc.a(_dvmd_tls.o)
                              /home/dmitryneuro/opt/Ac6/SystemWorkbench/plugins/fr.ac6.mcu.externaltools.arm-none.linux64_1.15.0.201708311556/tools/compiler/bin/../lib/gcc/arm-none-eabi/6.3.1/thumb/v7e-m/fpv5/hard/libgcc.a(_aeabi_uldivmod.o) (__aeabi_ldiv0)
/home/dmitryneuro/opt/Ac6/SystemWorkbench/plugins/fr.ac6.mcu.externaltools.arm-none.linux64_1.15.0.201708311556/tools/compiler/bin/../lib/gcc/arm-none-eabi/6.3.1/../../../../arm-none-eabi/lib/thumb/v7e-m/fpv5/hard/libc_nano.a(lib_a-errno.o)
                              Src/syscalls.o (__errno)
/home/dmitryneuro/opt/Ac6/SystemWorkbench/plugins/fr.ac6.mcu.externaltools.arm-none.linux64_1.15.0.201708311556/tools/compiler/bin/../lib/gcc/arm-none-eabi/6.3.1/../../../../arm-none-eabi/lib/thumb/v7e-m/fpv5/hard/libc_nano.a(lib_a-exit.o)
                              /home/dmitryneuro/opt/Ac6/SystemWorkbench/plugins/fr.ac6.mcu.externaltools.arm-none.linux64_1.15.0.201708311556/tools/compiler/bin/../lib/gcc/arm-none-eabi/6.3.1/../../../../arm-none-eabi/lib/thumb/v7e-m/fpv5/hard/crt0.o (exit)
/home/dmitryneuro/opt/Ac6/SystemWorkbench/plugins/fr.ac6.mcu.externaltools.arm-none.linux64_1.15.0.201708311556/tools/compiler/bin/../lib/gcc/arm-none-eabi/6.3.1/../../../../arm-none-eabi/lib/thumb/v7e-m/fpv5/hard/libc_nano.a(lib_a-impure.o)
                              /home/dmitryneuro/opt/Ac6/SystemWorkbench/plugins/fr.ac6.mcu.externaltools.arm-none.linux64_1.15.0.201708311556/tools/compiler/bin/../lib/gcc/arm-none-eabi/6.3.1/../../../../arm-none-eabi/lib/thumb/v7e-m/fpv5/hard/libc_nano.a(lib_a-exit.o) (_global_impure_ptr)
/home/dmitryneuro/opt/Ac6/SystemWorkbench/plugins/fr.ac6.mcu.externaltools.arm-none.linux64_1.15.0.201708311556/tools/compiler/bin/../lib/gcc/arm-none-eabi/6.3.1/../../../../arm-none-eabi/lib/thumb/v7e-m/fpv5/hard/libc_nano.a(lib_a-init.o)
                              /home/dmitryneuro/opt/Ac6/SystemWorkbench/plugins/fr.ac6.mcu.externaltools.arm-none.linux64_1.15.0.201708311556/tools/compiler/bin/../lib/gcc/arm-none-eabi/6.3.1/../../../../arm-none-eabi/lib/thumb/v7e-m/fpv5/hard/crt0.o (__libc_init_array)
/home/dmitryneuro/opt/Ac6/SystemWorkbench/plugins/fr.ac6.mcu.externaltools.arm-none.linux64_1.15.0.201708311556/tools/compiler/bin/../lib/gcc/arm-none-eabi/6.3.1/../../../../arm-none-eabi/lib/thumb/v7e-m/fpv5/hard/libc_nano.a(lib_a-malloc.o)
                              Middlewares/ST/STM32_USB_Device_Library/Class/CDC/Src/usbd_cdc.o (malloc)
/home/dmitryneuro/opt/Ac6/SystemWorkbench/plugins/fr.ac6.mcu.externaltools.arm-none.linux64_1.15.0.201708311556/tools/compiler/bin/../lib/gcc/arm-none-eabi/6.3.1/../../../../arm-none-eabi/lib/thumb/v7e-m/fpv5/hard/libc_nano.a(lib_a-memcpy-stub.o)
                              Src/ad7779.o (memcpy)
/home/dmitryneuro/opt/Ac6/SystemWorkbench/plugins/fr.ac6.mcu.externaltools.arm-none.linux64_1.15.0.201708311556/tools/compiler/bin/../lib/gcc/arm-none-eabi/6.3.1/../../../../arm-none-eabi/lib/thumb/v7e-m/fpv5/hard/libc_nano.a(lib_a-memset.o)
                              /home/dmitryneuro/opt/Ac6/SystemWorkbench/plugins/fr.ac6.mcu.externaltools.arm-none.linux64_1.15.0.201708311556/tools/compiler/bin/../lib/gcc/arm-none-eabi/6.3.1/../../../../arm-none-eabi/lib/thumb/v7e-m/fpv5/hard/crt0.o (memset)
/home/dmitryneuro/opt/Ac6/SystemWorkbench/plugins/fr.ac6.mcu.externaltools.arm-none.linux64_1.15.0.201708311556/tools/compiler/bin/../lib/gcc/arm-none-eabi/6.3.1/../../../../arm-none-eabi/lib/thumb/v7e-m/fpv5/hard/libc_nano.a(lib_a-nano-freer.o)
                              /home/dmitryneuro/opt/Ac6/SystemWorkbench/plugins/fr.ac6.mcu.externaltools.arm-none.linux64_1.15.0.201708311556/tools/compiler/bin/../lib/gcc/arm-none-eabi/6.3.1/../../../../arm-none-eabi/lib/thumb/v7e-m/fpv5/hard/libc_nano.a(lib_a-malloc.o) (_free_r)
[...]
Memory Configuration

Name             Origin             Length             Attributes
DTCMRAM          0x0000000020000000 0x0000000000020000 xrw
RAM_D1           0x0000000024000000 0x0000000000080000 xrw
RAM_D2           0x0000000030000000 0x0000000000048000 xrw
RAM_D3           0x0000000038000000 0x0000000000010000 xrw
ITCMRAM          0x0000000000000000 0x0000000000010000 xrw
FLASH            0x0000000008000000 0x0000000000200000 xr
*default*        0x0000000000000000 0xffffffffffffffff

Linker script and memory map

LOAD /home/dmitryneuro/opt/Ac6/SystemWorkbench/plugins/fr.ac6.mcu.externaltools.arm-none.linux64_1.15.0.201708311556/tools/compiler/bin/../lib/gcc/arm-none-eabi/6.3.1/thumb/v7e-m/fpv5/hard/crti.o
LOAD /home/dmitryneuro/opt/Ac6/SystemWorkbench/plugins/fr.ac6.mcu.externaltools.arm-none.linux64_1.15.0.201708311556/tools/compiler/bin/../lib/gcc/arm-none-eabi/6.3.1/thumb/v7e-m/fpv5/hard/crtbegin.o
LOAD /home/dmitryneuro/opt/Ac6/SystemWorkbench/plugins/fr.ac6.mcu.externaltools.arm-none.linux64_1.15.0.201708311556/tools/compiler/bin/../lib/gcc/arm-none-eabi/6.3.1/../../../../arm-none-eabi/lib/thumb/v7e-m/fpv5/hard/crt0.o
LOAD Drivers/STM32H7xx_HAL_Driver/Src/stm32h7xx_hal.o
LOAD Drivers/STM32H7xx_HAL_Driver/Src/stm32h7xx_hal_cortex.o
LOAD Drivers/STM32H7xx_HAL_Driver/Src/stm32h7xx_hal_dma.o
LOAD Drivers/STM32H7xx_HAL_Driver/Src/stm32h7xx_hal_dma_ex.o
LOAD Drivers/STM32H7xx_HAL_Driver/Src/stm32h7xx_hal_exti.o
LOAD Drivers/STM32H7xx_HAL_Driver/Src/stm32h7xx_hal_flash.o
LOAD Drivers/STM32H7xx_HAL_Driver/Src/stm32h7xx_hal_flash_ex.o
LOAD Drivers/STM32H7xx_HAL_Driver/Src/stm32h7xx_hal_gpio.o
LOAD Drivers/STM32H7xx_HAL_Driver/Src/stm32h7xx_hal_hsem.o
LOAD Drivers/STM32H7xx_HAL_Driver/Src/stm32h7xx_hal_i2c.o
LOAD Drivers/STM32H7xx_HAL_Driver/Src/stm32h7xx_hal_i2c_ex.o
LOAD Drivers/STM32H7xx_HAL_Driver/Src/stm32h7xx_hal_mdma.o
LOAD Drivers/STM32H7xx_HAL_Driver/Src/stm32h7xx_hal_pcd.o
LOAD Drivers/STM32H7xx_HAL_Driver/Src/stm32h7xx_hal_pcd_ex.o
LOAD Drivers/STM32H7xx_HAL_Driver/Src/stm32h7xx_hal_pwr.o
LOAD Drivers/STM32H7xx_HAL_Driver/Src/stm32h7xx_hal_pwr_ex.o
LOAD Drivers/STM32H7xx_HAL_Driver/Src/stm32h7xx_hal_rcc.o
LOAD Drivers/STM32H7xx_HAL_Driver/Src/stm32h7xx_hal_rcc_ex.o
LOAD Drivers/STM32H7xx_HAL_Driver/Src/stm32h7xx_hal_sai.o
LOAD Drivers/STM32H7xx_HAL_Driver/Src/stm32h7xx_hal_sai_ex.o
LOAD Drivers/STM32H7xx_HAL_Driver/Src/stm32h7xx_hal_spi.o
LOAD Drivers/STM32H7xx_HAL_Driver/Src/stm32h7xx_hal_spi_ex.o
LOAD Drivers/STM32H7xx_HAL_Driver/Src/stm32h7xx_hal_tim.o
LOAD Drivers/STM32H7xx_HAL_Driver/Src/stm32h7xx_hal_tim_ex.o
LOAD Drivers/STM32H7xx_HAL_Driver/Src/stm32h7xx_hal_uart.o
LOAD Drivers/STM32H7xx_HAL_Driver/Src/stm32h7xx_hal_uart_ex.o
LOAD Drivers/STM32H7xx_HAL_Driver/Src/stm32h7xx_ll_usb.o
LOAD Middlewares/ST/STM32_USB_Device_Library/Class/CDC/Src/usbd_cdc.o
LOAD Middlewares/ST/STM32_USB_Device_Library/Core/Src/usbd_core.o
LOAD Middlewares/ST/STM32_USB_Device_Library/Core/Src/usbd_ctlreq.o
LOAD Middlewares/ST/STM32_USB_Device_Library/Core/Src/usbd_ioreq.o
LOAD Src/ad7779.o
LOAD Src/main.o
LOAD Src/platform_drivers.o
LOAD Src/stm32h7xx_hal_msp.o
LOAD Src/stm32h7xx_it.o
LOAD Src/syscalls.o
LOAD Src/system_stm32h7xx.o
LOAD Src/usb_device.o
LOAD Src/usbd_cdc_if.o
LOAD Src/usbd_conf.o
LOAD Src/usbd_desc.o
LOAD startup/startup_stm32h743xx.o
LOAD /home/dmitryneuro/opt/Ac6/SystemWorkbench/plugins/fr.ac6.mcu.externaltools.arm-none.linux64_1.15.0.201708311556/tools/compiler/bin/../lib/gcc/arm-none-eabi/6.3.1/../../../../arm-none-eabi/lib/thumb/v7e-m/fpv5/hard/libm.a
START GROUP
LOAD /home/dmitryneuro/opt/Ac6/SystemWorkbench/plugins/fr.ac6.mcu.externaltools.arm-none.linux64_1.15.0.201708311556/tools/compiler/bin/../lib/gcc/arm-none-eabi/6.3.1/thumb/v7e-m/fpv5/hard/libgcc.a
LOAD /home/dmitryneuro/opt/Ac6/SystemWorkbench/plugins/fr.ac6.mcu.externaltools.arm-none.linux64_1.15.0.201708311556/tools/compiler/bin/../lib/gcc/arm-none-eabi/6.3.1/../../../../arm-none-eabi/lib/thumb/v7e-m/fpv5/hard/libc_nano.a
END GROUP
START GROUP
LOAD /home/dmitryneuro/opt/Ac6/SystemWorkbench/plugins/fr.ac6.mcu.externaltools.arm-none.linux64_1.15.0.201708311556/tools/compiler/bin/../lib/gcc/arm-none-eabi/6.3.1/thumb/v7e-m/fpv5/hard/libgcc.a
LOAD /home/dmitryneuro/opt/Ac6/SystemWorkbench/plugins/fr.ac6.mcu.externaltools.arm-none.linux64_1.15.0.201708311556/tools/compiler/bin/../lib/gcc/arm-none-eabi/6.3.1/../../../../arm-none-eabi/lib/thumb/v7e-m/fpv5/hard/libc_nano.a
LOAD /home/dmitryneuro/opt/Ac6/SystemWorkbench/plugins/fr.ac6.mcu.externaltools.arm-none.linux64_1.15.0.201708311556/tools/compiler/bin/../lib/gcc/arm-none-eabi/6.3.1/../../../../arm-none-eabi/lib/thumb/v7e-m/fpv5/hard/libnosys.a
END GROUP
START GROUP
LOAD /home/dmitryneuro/opt/Ac6/SystemWorkbench/plugins/fr.ac6.mcu.externaltools.arm-none.linux64_1.15.0.201708311556/tools/compiler/bin/../lib/gcc/arm-none-eabi/6.3.1/thumb/v7e-m/fpv5/hard/libgcc.a
LOAD /home/dmitryneuro/opt/Ac6/SystemWorkbench/plugins/fr.ac6.mcu.externaltools.arm-none.linux64_1.15.0.201708311556/tools/compiler/bin/../lib/gcc/arm-none-eabi/6.3.1/../../../../arm-none-eabi/lib/thumb/v7e-m/fpv5/hard/libc_nano.a
LOAD /home/dmitryneuro/opt/Ac6/SystemWorkbench/plugins/fr.ac6.mcu.externaltools.arm-none.linux64_1.15.0.201708311556/tools/compiler/bin/../lib/gcc/arm-none-eabi/6.3.1/../../../../arm-none-eabi/lib/thumb/v7e-m/fpv5/hard/libnosys.a
END GROUP
LOAD /home/dmitryneuro/opt/Ac6/SystemWorkbench/plugins/fr.ac6.mcu.externaltools.arm-none.linux64_1.15.0.201708311556/tools/compiler/bin/../lib/gcc/arm-none-eabi/6.3.1/thumb/v7e-m/fpv5/hard/crtend.o
LOAD /home/dmitryneuro/opt/Ac6/SystemWorkbench/plugins/fr.ac6.mcu.externaltools.arm-none.linux64_1.15.0.201708311556/tools/compiler/bin/../lib/gcc/arm-none-eabi/6.3.1/thumb/v7e-m/fpv5/hard/crtn.o
                0x0000000020020000                _estack = 0x20020000
                0x0000000000000200                _Min_Heap_Size = 0x200
                0x0000000000000400                _Min_Stack_Size = 0x400

.isr_vector     0x0000000008000000      0x298
                0x0000000008000000                . = ALIGN (0x4)
 *(.isr_vector)
 .isr_vector    0x0000000008000000      0x298 startup/startup_stm32h743xx.o
                0x0000000008000000                g_pfnVectors
                0x0000000008000298                . = ALIGN (0x4)

.text           0x00000000080002a0     0xd640
                0x00000000080002a0                . = ALIGN (0x4)
 *(.text)
 .text          0x00000000080002a0       0x6c /home/dmitryneuro/opt/Ac6/SystemWorkbench/plugins/fr.ac6.mcu.externaltools.arm-none.linux64_1.15.0.201708311556/tools/compiler/bin/../lib/gcc/arm-none-eabi/6.3.1/thumb/v7e-m/fpv5/hard/crtbegin.o
 .text          0x000000000800030c       0x30 /home/dmitryneuro/opt/Ac6/SystemWorkbench/plugins/fr.ac6.mcu.externaltools.arm-none.linux64_1.15.0.201708311556/tools/compiler/bin/../lib/gcc/arm-none-eabi/6.3.1/thumb/v7e-m/fpv5/hard/libgcc.a(_aeabi_uldivmod.o)
                0x000000000800030c                __aeabi_uldivmod
 .text          0x000000000800033c      0x2dc /home/dmitryneuro/opt/Ac6/SystemWorkbench/plugins/fr.ac6.mcu.externaltools.arm-none.linux64_1.15.0.201708311556/tools/compiler/bin/../lib/gcc/arm-none-eabi/6.3.1/thumb/v7e-m/fpv5/hard/libgcc.a(_udivmoddi4.o)
                0x000000000800033c                __udivmoddi4
 .text          0x0000000008000618        0x4 /home/dmitryneuro/opt/Ac6/SystemWorkbench/plugins/fr.ac6.mcu.externaltools.arm-none.linux64_1.15.0.201708311556/tools/compiler/bin/../lib/gcc/arm-none-eabi/6.3.1/thumb/v7e-m/fpv5/hard/libgcc.a(_dvmd_tls.o)
                0x0000000008000618                __aeabi_ldiv0
                0x0000000008000618                __aeabi_idiv0
 *fill*         0x000000000800061c        0x4 
 .text          0x0000000008000620       0xa0 /home/dmitryneuro/opt/Ac6/SystemWorkbench/plugins/fr.ac6.mcu.externaltools.arm-none.linux64_1.15.0.201708311556/tools/compiler/bin/../lib/gcc/arm-none-eabi/6.3.1/../../../../arm-none-eabi/lib/thumb/v7e-m/fpv5/hard/libc_nano.a(lib_a-memchr.o)
                0x0000000008000620                memchr
 *(.text*)
 .text.HAL_InitTick
                0x00000000080006c0       0x4c Drivers/STM32H7xx_HAL_Driver/Src/stm32h7xx_hal.o
                0x00000000080006c0                HAL_InitTick
 .text.HAL_Init
                0x000000000800070c       0x5c Drivers/STM32H7xx_HAL_Driver/Src/stm32h7xx_hal.o
                0x000000000800070c                HAL_Init
 .text.HAL_IncTick
                0x0000000008000768       0x18 Drivers/STM32H7xx_HAL_Driver/Src/stm32h7xx_hal.o
                0x0000000008000768                HAL_IncTick
 .text.HAL_GetTick
                0x0000000008000780        0xc Drivers/STM32H7xx_HAL_Driver/Src/stm32h7xx_hal.o
                0x0000000008000780                HAL_GetTick
 .text.HAL_Delay
                0x000000000800078c       0x28 Drivers/STM32H7xx_HAL_Driver/Src/stm32h7xx_hal.o
                0x000000000800078c                HAL_Delay
 .text.HAL_GetREVID
                0x00000000080007b4        0xc Drivers/STM32H7xx_HAL_Driver/Src/stm32h7xx_hal.o
                0x00000000080007b4                HAL_GetREVID
 .text.HAL_NVIC_SetPriorityGrouping
                0x00000000080007c0       0x24 Drivers/STM32H7xx_HAL_Driver/Src/stm32h7xx_hal_cortex.o
                0x00000000080007c0                HAL_NVIC_SetPriorityGrouping
 .text.HAL_NVIC_SetPriority
                0x00000000080007e4       0x60 Drivers/STM32H7xx_HAL_Driver/Src/stm32h7xx_hal_cortex.o
                0x00000000080007e4                HAL_NVIC_SetPriority
 .text.HAL_NVIC_EnableIRQ
                0x0000000008000844       0x1c Drivers/STM32H7xx_HAL_Driver/Src/stm32h7xx_hal_cortex.o
                0x0000000008000844                HAL_NVIC_EnableIRQ
 .text.HAL_SYSTICK_Config
                0x0000000008000860       0x2c Drivers/STM32H7xx_HAL_Driver/Src/stm32h7xx_hal_cortex.o
                0x0000000008000860                HAL_SYSTICK_Config
 .text.DMA_SetConfig
                0x000000000800088c      0x178 Drivers/STM32H7xx_HAL_Driver/Src/stm32h7xx_hal_dma.o
 .text.DMA_CalcBaseAndBitshift
                0x0000000008000a04       0xf8 Drivers/STM32H7xx_HAL_Driver/Src/stm32h7xx_hal_dma.o
 .text.DMA_CheckFifoParam
                0x0000000008000afc       0x92 Drivers/STM32H7xx_HAL_Driver/Src/stm32h7xx_hal_dma.o
 *fill*         0x0000000008000b8e        0x2 
 .text.DMA_CalcDMAMUXChannelBaseAndMask
                0x0000000008000b90       0xcc Drivers/STM32H7xx_HAL_Driver/Src/stm32h7xx_hal_dma.o
 .text.DMA_CalcDMAMUXRequestGenBaseAndMask
                0x0000000008000c5c       0x9c Drivers/STM32H7xx_HAL_Driver/Src/stm32h7xx_hal_dma.o
 .text.HAL_DMA_Init
                0x0000000008000cf8      0x318 Drivers/STM32H7xx_HAL_Driver/Src/stm32h7xx_hal_dma.o
                0x0000000008000cf8                HAL_DMA_Init
 .text.HAL_DMA_Start_IT
                0x0000000008001010      0x248 Drivers/STM32H7xx_HAL_Driver/Src/stm32h7xx_hal_dma.o
                0x0000000008001010                HAL_DMA_Start_IT
 .text.HAL_DMA_Abort
                0x0000000008001258      0x28c Drivers/STM32H7xx_HAL_Driver/Src/stm32h7xx_hal_dma.o
                0x0000000008001258                HAL_DMA_Abort
 .text.HAL_DMA_Abort_IT
                0x00000000080014e4      0x21c Drivers/STM32H7xx_HAL_Driver/Src/stm32h7xx_hal_dma.o
                0x00000000080014e4                HAL_DMA_Abort_IT
 .text.HAL_DMA_IRQHandler
                0x0000000008001700      0x7f8 Drivers/STM32H7xx_HAL_Driver/Src/stm32h7xx_hal_dma.o
                0x0000000008001700                HAL_DMA_IRQHandler
 .text.HAL_DMA_GetError
                0x0000000008001ef8        0x4 Drivers/STM32H7xx_HAL_Driver/Src/stm32h7xx_hal_dma.o
                0x0000000008001ef8                HAL_DMA_GetError
 .text.HAL_FLASH_EndOfOperationCallback
                0x0000000008001efc        0x2 Drivers/STM32H7xx_HAL_Driver/Src/stm32h7xx_hal_flash.o
                0x0000000008001efc                HAL_FLASH_EndOfOperationCallback
 .text.HAL_FLASH_OperationErrorCallback
                0x0000000008001efe        0x2 Drivers/STM32H7xx_HAL_Driver/Src/stm32h7xx_hal_flash.o
                0x0000000008001efe                HAL_FLASH_OperationErrorCallback
 .text.HAL_FLASH_IRQHandler
                0x0000000008001f00      0x208 Drivers/STM32H7xx_HAL_Driver/Src/stm32h7xx_hal_flash.o
                0x0000000008001f00                HAL_FLASH_IRQHandler
 .text.FLASH_Erase_Sector
                0x0000000008002108       0x64 Drivers/STM32H7xx_HAL_Driver/Src/stm32h7xx_hal_flash_ex.o
                0x0000000008002108                FLASH_Erase_Sector
 .text.HAL_GPIO_Init
                0x000000000800216c      0x1e8 Drivers/STM32H7xx_HAL_Driver/Src/stm32h7xx_hal_gpio.o
                0x000000000800216c                HAL_GPIO_Init
 .text.HAL_GPIO_WritePin
                0x0000000008002354        0xc Drivers/STM32H7xx_HAL_Driver/Src/stm32h7xx_hal_gpio.o
                0x0000000008002354                HAL_GPIO_WritePin
 .text.HAL_GPIO_EXTI_IRQHandler
                0x0000000008002360       0x1c Drivers/STM32H7xx_HAL_Driver/Src/stm32h7xx_hal_gpio.o
                0x0000000008002360                HAL_GPIO_EXTI_IRQHandler
 .text.HAL_HSEM_FreeCallback
                0x000000000800237c        0x2 Drivers/STM32H7xx_HAL_Driver/Src/stm32h7xx_hal_hsem.o
                0x000000000800237c                HAL_HSEM_FreeCallback
 *fill*         0x000000000800237e        0x2 
 .text.HAL_HSEM_IRQHandler
                0x0000000008002380       0x1c Drivers/STM32H7xx_HAL_Driver/Src/stm32h7xx_hal_hsem.o
                0x0000000008002380                HAL_HSEM_IRQHandler
 .text.PCD_WriteEmptyTxFifo
                0x000000000800239c       0xd2 Drivers/STM32H7xx_HAL_Driver/Src/stm32h7xx_hal_pcd.o
 .text.HAL_PCD_Init
                0x000000000800246e      0x130 Drivers/STM32H7xx_HAL_Driver/Src/stm32h7xx_hal_pcd.o
                0x000000000800246e                HAL_PCD_Init
 .text.HAL_PCD_Start
                0x000000000800259e       0x42 Drivers/STM32H7xx_HAL_Driver/Src/stm32h7xx_hal_pcd.o
                0x000000000800259e                HAL_PCD_Start
 .text.PCD_EP_OutXfrComplete_int
                0x00000000080025e0       0xfc Drivers/STM32H7xx_HAL_Driver/Src/stm32h7xx_hal_pcd.o
 .text.PCD_EP_OutSetupPacket_int
                0x00000000080026dc       0x6c Drivers/STM32H7xx_HAL_Driver/Src/stm32h7xx_hal_pcd.o
 .text.HAL_PCD_IRQHandler
                0x0000000008002748      0x4e0 Drivers/STM32H7xx_HAL_Driver/Src/stm32h7xx_hal_pcd.o
                0x0000000008002748                HAL_PCD_IRQHandler
 .text.HAL_PCD_SetAddress
                0x0000000008002c28       0x28 Drivers/STM32H7xx_HAL_Driver/Src/stm32h7xx_hal_pcd.o
                0x0000000008002c28                HAL_PCD_SetAddress
 .text.HAL_PCD_EP_Open
                0x0000000008002c50       0x82 Drivers/STM32H7xx_HAL_Driver/Src/stm32h7xx_hal_pcd.o
                0x0000000008002c50                HAL_PCD_EP_Open
 .text.HAL_PCD_EP_Close
                0x0000000008002cd2       0x6e Drivers/STM32H7xx_HAL_Driver/Src/stm32h7xx_hal_pcd.o
                0x0000000008002cd2                HAL_PCD_EP_Close
 .text.HAL_PCD_EP_Receive
                0x0000000008002d40       0x5c Drivers/STM32H7xx_HAL_Driver/Src/stm32h7xx_hal_pcd.o
                0x0000000008002d40                HAL_PCD_EP_Receive
 .text.HAL_PCD_EP_GetRxCount
                0x0000000008002d9c       0x12 Drivers/STM32H7xx_HAL_Driver/Src/stm32h7xx_hal_pcd.o
                0x0000000008002d9c                HAL_PCD_EP_GetRxCount
 .text.HAL_PCD_EP_Transmit
                0x0000000008002dae       0x54 Drivers/STM32H7xx_HAL_Driver/Src/stm32h7xx_hal_pcd.o
                0x0000000008002dae                HAL_PCD_EP_Transmit
 .text.HAL_PCD_EP_SetStall
                0x0000000008002e02       0x82 Drivers/STM32H7xx_HAL_Driver/Src/stm32h7xx_hal_pcd.o
                0x0000000008002e02                HAL_PCD_EP_SetStall
 .text.HAL_PCD_EP_ClrStall
                0x0000000008002e84       0x6e Drivers/STM32H7xx_HAL_Driver/Src/stm32h7xx_hal_pcd.o
                0x0000000008002e84                HAL_PCD_EP_ClrStall
 .text.HAL_PCDEx_SetTxFiFo
                0x0000000008002ef2       0x48 Drivers/STM32H7xx_HAL_Driver/Src/stm32h7xx_hal_pcd_ex.o
                0x0000000008002ef2                HAL_PCDEx_SetTxFiFo
 .text.HAL_PCDEx_SetRxFiFo
                0x0000000008002f3a        0x8 Drivers/STM32H7xx_HAL_Driver/Src/stm32h7xx_hal_pcd_ex.o
                0x0000000008002f3a                HAL_PCDEx_SetRxFiFo
 *fill*         0x0000000008002f42        0x2 
 .text.HAL_PCDEx_ActivateLPM
                0x0000000008002f44       0x28 Drivers/STM32H7xx_HAL_Driver/Src/stm32h7xx_hal_pcd_ex.o
                0x0000000008002f44                HAL_PCDEx_ActivateLPM
 .text.HAL_PCDEx_LPM_Callback
                0x0000000008002f6c        0x2 Drivers/STM32H7xx_HAL_Driver/Src/stm32h7xx_hal_pcd_ex.o
                0x0000000008002f6c                HAL_PCDEx_LPM_Callback
 .text.HAL_PWR_PVDCallback
                0x0000000008002f6e        0x2 Drivers/STM32H7xx_HAL_Driver/Src/stm32h7xx_hal_pwr.o
                0x0000000008002f6e                HAL_PWR_PVDCallback
 .text.HAL_PWREx_ConfigSupply
                0x0000000008002f70       0x50 Drivers/STM32H7xx_HAL_Driver/Src/stm32h7xx_hal_pwr_ex.o
                0x0000000008002f70                HAL_PWREx_ConfigSupply
 .text.HAL_PWREx_EnableUSBVoltageDetector
                0x0000000008002fc0       0x10 Drivers/STM32H7xx_HAL_Driver/Src/stm32h7xx_hal_pwr_ex.o
                0x0000000008002fc0                HAL_PWREx_EnableUSBVoltageDetector
 .text.HAL_PWREx_AVDCallback
                0x0000000008002fd0        0x2 Drivers/STM32H7xx_HAL_Driver/Src/stm32h7xx_hal_pwr_ex.o
                0x0000000008002fd0                HAL_PWREx_AVDCallback
 *fill*         0x0000000008002fd2        0x2 
 .text.HAL_PWREx_PVD_AVD_IRQHandler
                0x0000000008002fd4       0x64 Drivers/STM32H7xx_HAL_Driver/Src/stm32h7xx_hal_pwr_ex.o
                0x0000000008002fd4                HAL_PWREx_PVD_AVD_IRQHandler
 .text.HAL_RCC_OscConfig
                0x0000000008003038      0x5b0 Drivers/STM32H7xx_HAL_Driver/Src/stm32h7xx_hal_rcc.o
                0x0000000008003038                HAL_RCC_OscConfig
 .text.HAL_RCC_GetSysClockFreq
                0x00000000080035e8      0x1f0 Drivers/STM32H7xx_HAL_Driver/Src/stm32h7xx_hal_rcc.o
                0x00000000080035e8                HAL_RCC_GetSysClockFreq
 .text.HAL_RCC_ClockConfig
                0x00000000080037d8      0x278 Drivers/STM32H7xx_HAL_Driver/Src/stm32h7xx_hal_rcc.o
                0x00000000080037d8                HAL_RCC_ClockConfig
 .text.HAL_RCC_GetHCLKFreq
                0x0000000008003a50       0x2c Drivers/STM32H7xx_HAL_Driver/Src/stm32h7xx_hal_rcc.o
                0x0000000008003a50                HAL_RCC_GetHCLKFreq
 .text.HAL_RCC_GetPCLK1Freq
                0x0000000008003a7c       0x24 Drivers/STM32H7xx_HAL_Driver/Src/stm32h7xx_hal_rcc.o
                0x0000000008003a7c                HAL_RCC_GetPCLK1Freq
 .text.HAL_RCC_GetPCLK2Freq
                0x0000000008003aa0       0x24 Drivers/STM32H7xx_HAL_Driver/Src/stm32h7xx_hal_rcc.o
                0x0000000008003aa0                HAL_RCC_GetPCLK2Freq
 .text.RCCEx_PLL2_Config
                0x0000000008003ac4      0x10c Drivers/STM32H7xx_HAL_Driver/Src/stm32h7xx_hal_rcc_ex.o
 .text.RCCEx_PLL3_Config
                0x0000000008003bd0      0x10c Drivers/STM32H7xx_HAL_Driver/Src/stm32h7xx_hal_rcc_ex.o
 .text.HAL_RCCEx_PeriphCLKConfig
                0x0000000008003cdc      0x904 Drivers/STM32H7xx_HAL_Driver/Src/stm32h7xx_hal_rcc_ex.o
                0x0000000008003cdc                HAL_RCCEx_PeriphCLKConfig
 .text.HAL_RCCEx_GetD3PCLK1Freq
                0x00000000080045e0       0x24 Drivers/STM32H7xx_HAL_Driver/Src/stm32h7xx_hal_rcc_ex.o
                0x00000000080045e0                HAL_RCCEx_GetD3PCLK1Freq
 .text.HAL_RCCEx_GetPLL2ClockFreq
                0x0000000008004604      0x1f8 Drivers/STM32H7xx_HAL_Driver/Src/stm32h7xx_hal_rcc_ex.o
                0x0000000008004604                HAL_RCCEx_GetPLL2ClockFreq
 .text.HAL_RCCEx_GetPLL3ClockFreq
                0x00000000080047fc      0x1f8 Drivers/STM32H7xx_HAL_Driver/Src/stm32h7xx_hal_rcc_ex.o
                0x00000000080047fc                HAL_RCCEx_GetPLL3ClockFreq
 .text.HAL_RCCEx_GetPLL1ClockFreq
                0x00000000080049f4      0x1f8 Drivers/STM32H7xx_HAL_Driver/Src/stm32h7xx_hal_rcc_ex.o
                0x00000000080049f4                HAL_RCCEx_GetPLL1ClockFreq
 .text.HAL_RCCEx_GetPeriphCLKFreq
                0x0000000008004bec      0x2fc Drivers/STM32H7xx_HAL_Driver/Src/stm32h7xx_hal_rcc_ex.o
                0x0000000008004bec                HAL_RCCEx_GetPeriphCLKFreq
 .text.HAL_RCCEx_GetD1SysClockFreq
                0x0000000008004ee8       0x2c Drivers/STM32H7xx_HAL_Driver/Src/stm32h7xx_hal_rcc_ex.o
                0x0000000008004ee8                HAL_RCCEx_GetD1SysClockFreq
 .text.SAI_InitI2S
                0x0000000008004f14       0xd0 Drivers/STM32H7xx_HAL_Driver/Src/stm32h7xx_hal_sai.o
 .text.SAI_InitPCM
                0x0000000008004fe4       0x9a Drivers/STM32H7xx_HAL_Driver/Src/stm32h7xx_hal_sai.o
 .text.SAI_InterruptFlag
                0x000000000800507e       0x34 Drivers/STM32H7xx_HAL_Driver/Src/stm32h7xx_hal_sai.o
 *fill*         0x00000000080050b2        0x2 
 .text.SAI_Disable
                0x00000000080050b4       0x44 Drivers/STM32H7xx_HAL_Driver/Src/stm32h7xx_hal_sai.o
 .text.HAL_SAI_Init
                0x00000000080050f8      0x394 Drivers/STM32H7xx_HAL_Driver/Src/stm32h7xx_hal_sai.o
                0x00000000080050f8                HAL_SAI_Init
 .text.HAL_SAI_InitProtocol
                0x000000000800548c       0x30 Drivers/STM32H7xx_HAL_Driver/Src/stm32h7xx_hal_sai.o
                0x000000000800548c                HAL_SAI_InitProtocol
 .text.HAL_SAI_Abort
                0x00000000080054bc       0xca Drivers/STM32H7xx_HAL_Driver/Src/stm32h7xx_hal_sai.o
                0x00000000080054bc                HAL_SAI_Abort
 *fill*         0x0000000008005586        0x2 
 .text.HAL_SAI_Receive_DMA
                0x0000000008005588       0xc8 Drivers/STM32H7xx_HAL_Driver/Src/stm32h7xx_hal_sai.o
                0x0000000008005588                HAL_SAI_Receive_DMA
 .text.HAL_SAI_RxCpltCallback
                0x0000000008005650        0x2 Drivers/STM32H7xx_HAL_Driver/Src/stm32h7xx_hal_sai.o
                0x0000000008005650                HAL_SAI_RxCpltCallback
 .text.SAI_DMARxCplt
                0x0000000008005652       0x3a Drivers/STM32H7xx_HAL_Driver/Src/stm32h7xx_hal_sai.o
 .text.HAL_SAI_RxHalfCpltCallback
                0x000000000800568c        0x2 Drivers/STM32H7xx_HAL_Driver/Src/stm32h7xx_hal_sai.o
                0x000000000800568c                HAL_SAI_RxHalfCpltCallback
 .text.SAI_DMARxHalfCplt
                0x000000000800568e        0xa Drivers/STM32H7xx_HAL_Driver/Src/stm32h7xx_hal_sai.o
 .text.HAL_SAI_ErrorCallback
                0x0000000008005698        0x2 Drivers/STM32H7xx_HAL_Driver/Src/stm32h7xx_hal_sai.o
                0x0000000008005698                HAL_SAI_ErrorCallback
 .text.SAI_DMAError
                0x000000000800569a       0x3c Drivers/STM32H7xx_HAL_Driver/Src/stm32h7xx_hal_sai.o
 *fill*         0x00000000080056d6        0x2 
 .text.HAL_SAI_IRQHandler
                0x00000000080056d8      0x238 Drivers/STM32H7xx_HAL_Driver/Src/stm32h7xx_hal_sai.o
                0x00000000080056d8                HAL_SAI_IRQHandler
 .text.SAI_DMAAbort
                0x0000000008005910       0x48 Drivers/STM32H7xx_HAL_Driver/Src/stm32h7xx_hal_sai.o
 .text.SPI_CloseTransfer
                0x0000000008005958       0xd0 Drivers/STM32H7xx_HAL_Driver/Src/stm32h7xx_hal_spi.o
 .text.SPI_GetPacketSize
                0x0000000008005a28       0x10 Drivers/STM32H7xx_HAL_Driver/Src/stm32h7xx_hal_spi.o
 .text.SPI_WaitOnFlagUntilTimeout
                0x0000000008005a38       0x48 Drivers/STM32H7xx_HAL_Driver/Src/stm32h7xx_hal_spi.o
 .text.HAL_SPI_Init
                0x0000000008005a80      0x150 Drivers/STM32H7xx_HAL_Driver/Src/stm32h7xx_hal_spi.o
                0x0000000008005a80                HAL_SPI_Init
 .text.HAL_SPI_TransmitReceive
                0x0000000008005bd0      0x3f8 Drivers/STM32H7xx_HAL_Driver/Src/stm32h7xx_hal_spi.o
                0x0000000008005bd0                HAL_SPI_TransmitReceive
 .text.HAL_SPI_TxCpltCallback
                0x0000000008005fc8        0x2 Drivers/STM32H7xx_HAL_Driver/Src/stm32h7xx_hal_spi.o
                0x0000000008005fc8                HAL_SPI_TxCpltCallback
 .text.HAL_SPI_TxRxCpltCallback
                0x0000000008005fca        0x2 Drivers/STM32H7xx_HAL_Driver/Src/stm32h7xx_hal_spi.o
                0x0000000008005fca                HAL_SPI_TxRxCpltCallback
 .text.HAL_SPI_ErrorCallback
                0x0000000008005fcc        0x2 Drivers/STM32H7xx_HAL_Driver/Src/stm32h7xx_hal_spi.o
                0x0000000008005fcc                HAL_SPI_ErrorCallback
 *fill*         0x0000000008005fce        0x2 
 .text.HAL_SPI_IRQHandler
                0x0000000008005fd0      0x26c Drivers/STM32H7xx_HAL_Driver/Src/stm32h7xx_hal_spi.o
                0x0000000008005fd0                HAL_SPI_IRQHandler
 .text.SPI_DMAAbortOnError
                0x000000000800623c       0x1a Drivers/STM32H7xx_HAL_Driver/Src/stm32h7xx_hal_spi.o
 .text.HAL_SPI_GetState
                0x0000000008006256        0x6 Drivers/STM32H7xx_HAL_Driver/Src/stm32h7xx_hal_spi.o
                0x0000000008006256                HAL_SPI_GetState
 .text.TIM_TI1_ConfigInputStage
                0x000000000800625c       0x26 Drivers/STM32H7xx_HAL_Driver/Src/stm32h7xx_hal_tim.o
 .text.TIM_TI2_SetConfig
                0x0000000008006282       0x34 Drivers/STM32H7xx_HAL_Driver/Src/stm32h7xx_hal_tim.o
 .text.TIM_TI2_ConfigInputStage
                0x00000000080062b6       0x28 Drivers/STM32H7xx_HAL_Driver/Src/stm32h7xx_hal_tim.o
 .text.TIM_TI3_SetConfig
                0x00000000080062de       0x32 Drivers/STM32H7xx_HAL_Driver/Src/stm32h7xx_hal_tim.o
 .text.TIM_TI4_SetConfig
                0x0000000008006310       0x34 Drivers/STM32H7xx_HAL_Driver/Src/stm32h7xx_hal_tim.o
 .text.TIM_ITRx_SetConfig
                0x0000000008006344       0x14 Drivers/STM32H7xx_HAL_Driver/Src/stm32h7xx_hal_tim.o
 .text.HAL_TIM_IC_MspInit
                0x0000000008006358        0x2 Drivers/STM32H7xx_HAL_Driver/Src/stm32h7xx_hal_tim.o
                0x0000000008006358                HAL_TIM_IC_MspInit
 .text.HAL_TIM_PeriodElapsedCallback
                0x000000000800635a        0x2 Drivers/STM32H7xx_HAL_Driver/Src/stm32h7xx_hal_tim.o
                0x000000000800635a                HAL_TIM_PeriodElapsedCallback
 .text.HAL_TIM_OC_DelayElapsedCallback
                0x000000000800635c        0x2 Drivers/STM32H7xx_HAL_Driver/Src/stm32h7xx_hal_tim.o
                0x000000000800635c                HAL_TIM_OC_DelayElapsedCallback
 .text.HAL_TIM_IC_CaptureCallback
                0x000000000800635e        0x2 Drivers/STM32H7xx_HAL_Driver/Src/stm32h7xx_hal_tim.o
                0x000000000800635e                HAL_TIM_IC_CaptureCallback
 .text.HAL_TIM_PWM_PulseFinishedCallback
                0x0000000008006360        0x2 Drivers/STM32H7xx_HAL_Driver/Src/stm32h7xx_hal_tim.o
                0x0000000008006360                HAL_TIM_PWM_PulseFinishedCallback
 .text.HAL_TIM_TriggerCallback
                0x0000000008006362        0x2 Drivers/STM32H7xx_HAL_Driver/Src/stm32h7xx_hal_tim.o
                0x0000000008006362                HAL_TIM_TriggerCallback
 .text.HAL_TIM_IRQHandler
                0x0000000008006364      0x19a Drivers/STM32H7xx_HAL_Driver/Src/stm32h7xx_hal_tim.o
                0x0000000008006364                HAL_TIM_IRQHandler
 *fill*         0x00000000080064fe        0x2 
 .text.TIM_Base_SetConfig
                0x0000000008006500      0x100 Drivers/STM32H7xx_HAL_Driver/Src/stm32h7xx_hal_tim.o
                0x0000000008006500                TIM_Base_SetConfig
 .text.HAL_TIM_Base_Init
                0x0000000008006600       0x32 Drivers/STM32H7xx_HAL_Driver/Src/stm32h7xx_hal_tim.o
                0x0000000008006600                HAL_TIM_Base_Init
 .text.HAL_TIM_IC_Init
                0x0000000008006632       0x32 Drivers/STM32H7xx_HAL_Driver/Src/stm32h7xx_hal_tim.o
                0x0000000008006632                HAL_TIM_IC_Init
 .text.TIM_TI1_SetConfig
                0x0000000008006664       0xa4 Drivers/STM32H7xx_HAL_Driver/Src/stm32h7xx_hal_tim.o
                0x0000000008006664                TIM_TI1_SetConfig
 .text.HAL_TIM_IC_ConfigChannel
                0x0000000008006708       0xc0 Drivers/STM32H7xx_HAL_Driver/Src/stm32h7xx_hal_tim.o
                0x0000000008006708                HAL_TIM_IC_ConfigChannel
 .text.TIM_ETR_SetConfig
                0x00000000080067c8       0x18 Drivers/STM32H7xx_HAL_Driver/Src/stm32h7xx_hal_tim.o
                0x00000000080067c8                TIM_ETR_SetConfig
 .text.HAL_TIM_ConfigClockSource
                0x00000000080067e0      0x100 Drivers/STM32H7xx_HAL_Driver/Src/stm32h7xx_hal_tim.o
                0x00000000080067e0                HAL_TIM_ConfigClockSource
 .text.TIM_SlaveTimer_SetConfig
                0x00000000080068e0       0x94 Drivers/STM32H7xx_HAL_Driver/Src/stm32h7xx_hal_tim.o
 .text.HAL_TIM_SlaveConfigSynchro
                0x0000000008006974       0x58 Drivers/STM32H7xx_HAL_Driver/Src/stm32h7xx_hal_tim.o
                0x0000000008006974                HAL_TIM_SlaveConfigSynchro
 .text.HAL_TIMEx_MasterConfigSynchronization
                0x00000000080069cc       0x64 Drivers/STM32H7xx_HAL_Driver/Src/stm32h7xx_hal_tim_ex.o
                0x00000000080069cc                HAL_TIMEx_MasterConfigSynchronization
 .text.HAL_TIMEx_CommutCallback
                0x0000000008006a30        0x2 Drivers/STM32H7xx_HAL_Driver/Src/stm32h7xx_hal_tim_ex.o
                0x0000000008006a30                HAL_TIMEx_CommutCallback
 .text.HAL_TIMEx_BreakCallback
                0x0000000008006a32        0x2 Drivers/STM32H7xx_HAL_Driver/Src/stm32h7xx_hal_tim_ex.o
                0x0000000008006a32                HAL_TIMEx_BreakCallback
 .text.HAL_TIMEx_Break2Callback
                0x0000000008006a34        0x2 Drivers/STM32H7xx_HAL_Driver/Src/stm32h7xx_hal_tim_ex.o
                0x0000000008006a34                HAL_TIMEx_Break2Callback
 .text.UART_EndTxTransfer
                0x0000000008006a36       0x1c Drivers/STM32H7xx_HAL_Driver/Src/stm32h7xx_hal_uart.o
 *fill*         0x0000000008006a52        0x2 
 .text.UART_EndRxTransfer
                0x0000000008006a54       0x24 Drivers/STM32H7xx_HAL_Driver/Src/stm32h7xx_hal_uart.o
 .text.HAL_UART_Transmit_DMA
                0x0000000008006a78       0xa8 Drivers/STM32H7xx_HAL_Driver/Src/stm32h7xx_hal_uart.o
                0x0000000008006a78                HAL_UART_Transmit_DMA
 .text.HAL_UART_TxCpltCallback
                0x0000000008006b20        0x2 Drivers/STM32H7xx_HAL_Driver/Src/stm32h7xx_hal_uart.o
                0x0000000008006b20                HAL_UART_TxCpltCallback
 .text.UART_DMATransmitCplt
                0x0000000008006b22       0x30 Drivers/STM32H7xx_HAL_Driver/Src/stm32h7xx_hal_uart.o
 .text.UART_EndTransmit_IT
                0x0000000008006b52       0x1c Drivers/STM32H7xx_HAL_Driver/Src/stm32h7xx_hal_uart.o
 .text.HAL_UART_TxHalfCpltCallback
                0x0000000008006b6e        0x2 Drivers/STM32H7xx_HAL_Driver/Src/stm32h7xx_hal_uart.o
                0x0000000008006b6e                HAL_UART_TxHalfCpltCallback
 .text.UART_DMATxHalfCplt
                0x0000000008006b70        0xa Drivers/STM32H7xx_HAL_Driver/Src/stm32h7xx_hal_uart.o
 .text.HAL_UART_ErrorCallback
                0x0000000008006b7a        0x2 Drivers/STM32H7xx_HAL_Driver/Src/stm32h7xx_hal_uart.o
                0x0000000008006b7a                HAL_UART_ErrorCallback
 .text.UART_DMAError
                0x0000000008006b7c       0x58 Drivers/STM32H7xx_HAL_Driver/Src/stm32h7xx_hal_uart.o
 .text.HAL_UART_IRQHandler
                0x0000000008006bd4      0x1e0 Drivers/STM32H7xx_HAL_Driver/Src/stm32h7xx_hal_uart.o
                0x0000000008006bd4                HAL_UART_IRQHandler
 .text.UART_DMAAbortOnError
                0x0000000008006db4       0x14 Drivers/STM32H7xx_HAL_Driver/Src/stm32h7xx_hal_uart.o
 .text.HAL_UART_GetState
                0x0000000008006dc8        0xc Drivers/STM32H7xx_HAL_Driver/Src/stm32h7xx_hal_uart.o
                0x0000000008006dc8                HAL_UART_GetState
 *fill*         0x0000000008006dd4        0x4 
 .text.UART_SetConfig
                0x0000000008006dd8     0x16a4 Drivers/STM32H7xx_HAL_Driver/Src/stm32h7xx_hal_uart.o
                0x0000000008006dd8                UART_SetConfig
 .text.UART_AdvFeatureConfig
                0x000000000800847c       0xca Drivers/STM32H7xx_HAL_Driver/Src/stm32h7xx_hal_uart.o
                0x000000000800847c                UART_AdvFeatureConfig
 .text.UART_WaitOnFlagUntilTimeout
                0x0000000008008546       0xaa Drivers/STM32H7xx_HAL_Driver/Src/stm32h7xx_hal_uart.o
                0x0000000008008546                UART_WaitOnFlagUntilTimeout
 .text.UART_CheckIdleState
                0x00000000080085f0       0x72 Drivers/STM32H7xx_HAL_Driver/Src/stm32h7xx_hal_uart.o
                0x00000000080085f0                UART_CheckIdleState
 .text.HAL_UART_Init
                0x0000000008008662       0x68 Drivers/STM32H7xx_HAL_Driver/Src/stm32h7xx_hal_uart.o
                0x0000000008008662                HAL_UART_Init
 *fill*         0x00000000080086ca        0x2 
 .text.UARTEx_SetNbDataToProcess
                0x00000000080086cc       0x70 Drivers/STM32H7xx_HAL_Driver/Src/stm32h7xx_hal_uart_ex.o
 .text.HAL_UARTEx_WakeupCallback
                0x000000000800873c        0x2 Drivers/STM32H7xx_HAL_Driver/Src/stm32h7xx_hal_uart_ex.o
                0x000000000800873c                HAL_UARTEx_WakeupCallback
 .text.HAL_UARTEx_RxFifoFullCallback
                0x000000000800873e        0x2 Drivers/STM32H7xx_HAL_Driver/Src/stm32h7xx_hal_uart_ex.o
                0x000000000800873e                HAL_UARTEx_RxFifoFullCallback
 .text.HAL_UARTEx_TxFifoEmptyCallback
                0x0000000008008740        0x2 Drivers/STM32H7xx_HAL_Driver/Src/stm32h7xx_hal_uart_ex.o
                0x0000000008008740                HAL_UARTEx_TxFifoEmptyCallback
 .text.HAL_UARTEx_DisableFifoMode
                0x0000000008008742       0x3e Drivers/STM32H7xx_HAL_Driver/Src/stm32h7xx_hal_uart_ex.o
                0x0000000008008742                HAL_UARTEx_DisableFifoMode
 .text.HAL_UARTEx_SetTxFifoThreshold
                0x0000000008008780       0x4a Drivers/STM32H7xx_HAL_Driver/Src/stm32h7xx_hal_uart_ex.o
                0x0000000008008780                HAL_UARTEx_SetTxFifoThreshold
 .text.HAL_UARTEx_SetRxFifoThreshold
                0x00000000080087ca       0x4a Drivers/STM32H7xx_HAL_Driver/Src/stm32h7xx_hal_uart_ex.o
                0x00000000080087ca                HAL_UARTEx_SetRxFifoThreshold
 .text.USB_CoreReset
                0x0000000008008814       0x3c Drivers/STM32H7xx_HAL_Driver/Src/stm32h7xx_ll_usb.o
 .text.USB_CoreInit
                0x0000000008008850       0x8c Drivers/STM32H7xx_HAL_Driver/Src/stm32h7xx_ll_usb.o
                0x0000000008008850                USB_CoreInit
 .text.USB_SetTurnaroundTime
                0x00000000080088dc       0xec Drivers/STM32H7xx_HAL_Driver/Src/stm32h7xx_ll_usb.o
                0x00000000080088dc                USB_SetTurnaroundTime
 .text.USB_EnableGlobalInt
                0x00000000080089c8        0xc Drivers/STM32H7xx_HAL_Driver/Src/stm32h7xx_ll_usb.o
                0x00000000080089c8                USB_EnableGlobalInt
 .text.USB_DisableGlobalInt
                0x00000000080089d4        0xc Drivers/STM32H7xx_HAL_Driver/Src/stm32h7xx_ll_usb.o
                0x00000000080089d4                USB_DisableGlobalInt
 .text.USB_SetCurrentMode
                0x00000000080089e0       0x30 Drivers/STM32H7xx_HAL_Driver/Src/stm32h7xx_ll_usb.o
                0x00000000080089e0                USB_SetCurrentMode
 .text.USB_FlushTxFifo
                0x0000000008008a10       0x28 Drivers/STM32H7xx_HAL_Driver/Src/stm32h7xx_ll_usb.o
                0x0000000008008a10                USB_FlushTxFifo
 .text.USB_FlushRxFifo
                0x0000000008008a38       0x24 Drivers/STM32H7xx_HAL_Driver/Src/stm32h7xx_ll_usb.o
                0x0000000008008a38                USB_FlushRxFifo
 .text.USB_SetDevSpeed
                0x0000000008008a5c        0xe Drivers/STM32H7xx_HAL_Driver/Src/stm32h7xx_ll_usb.o
                0x0000000008008a5c                USB_SetDevSpeed
 *fill*         0x0000000008008a6a        0x2 
 .text.USB_DevInit
                0x0000000008008a6c      0x198 Drivers/STM32H7xx_HAL_Driver/Src/stm32h7xx_ll_usb.o
                0x0000000008008a6c                USB_DevInit
 .text.USB_GetDevSpeed
                0x0000000008008c04       0x1e Drivers/STM32H7xx_HAL_Driver/Src/stm32h7xx_ll_usb.o
                0x0000000008008c04                USB_GetDevSpeed
 *fill*         0x0000000008008c22        0x2 
 .text.USB_ActivateEndpoint
                0x0000000008008c24       0x90 Drivers/STM32H7xx_HAL_Driver/Src/stm32h7xx_ll_usb.o
                0x0000000008008c24                USB_ActivateEndpoint
 .text.USB_DeactivateEndpoint
                0x0000000008008cb4       0x90 Drivers/STM32H7xx_HAL_Driver/Src/stm32h7xx_ll_usb.o
                0x0000000008008cb4                USB_DeactivateEndpoint
 .text.USB_EP0StartXfer
                0x0000000008008d44      0x118 Drivers/STM32H7xx_HAL_Driver/Src/stm32h7xx_ll_usb.o
                0x0000000008008d44                USB_EP0StartXfer
 .text.USB_WritePacket
                0x0000000008008e5c       0x28 Drivers/STM32H7xx_HAL_Driver/Src/stm32h7xx_ll_usb.o
                0x0000000008008e5c                USB_WritePacket
 .text.USB_EPStartXfer
                0x0000000008008e84      0x218 Drivers/STM32H7xx_HAL_Driver/Src/stm32h7xx_ll_usb.o
                0x0000000008008e84                USB_EPStartXfer
 .text.USB_ReadPacket
                0x000000000800909c       0x28 Drivers/STM32H7xx_HAL_Driver/Src/stm32h7xx_ll_usb.o
                0x000000000800909c                USB_ReadPacket
 .text.USB_EPSetStall
                0x00000000080090c4       0x5a Drivers/STM32H7xx_HAL_Driver/Src/stm32h7xx_ll_usb.o
                0x00000000080090c4                USB_EPSetStall
 .text.USB_EPClearStall
                0x000000000800911e       0x5c Drivers/STM32H7xx_HAL_Driver/Src/stm32h7xx_ll_usb.o
                0x000000000800911e                USB_EPClearStall
 .text.USB_SetDevAddress
                0x000000000800917a       0x20 Drivers/STM32H7xx_HAL_Driver/Src/stm32h7xx_ll_usb.o
                0x000000000800917a                USB_SetDevAddress
 .text.USB_DevConnect
                0x000000000800919a       0x18 Drivers/STM32H7xx_HAL_Driver/Src/stm32h7xx_ll_usb.o
                0x000000000800919a                USB_DevConnect
 .text.USB_DevDisconnect
                0x00000000080091b2       0x18 Drivers/STM32H7xx_HAL_Driver/Src/stm32h7xx_ll_usb.o
                0x00000000080091b2                USB_DevDisconnect
 .text.USB_ReadInterrupts
                0x00000000080091ca        0x8 Drivers/STM32H7xx_HAL_Driver/Src/stm32h7xx_ll_usb.o
                0x00000000080091ca                USB_ReadInterrupts
 .text.USB_ReadDevAllOutEpInterrupt
                0x00000000080091d2       0x10 Drivers/STM32H7xx_HAL_Driver/Src/stm32h7xx_ll_usb.o
                0x00000000080091d2                USB_ReadDevAllOutEpInterrupt
 .text.USB_ReadDevAllInEpInterrupt
                0x00000000080091e2       0x10 Drivers/STM32H7xx_HAL_Driver/Src/stm32h7xx_ll_usb.o
                0x00000000080091e2                USB_ReadDevAllInEpInterrupt
 .text.USB_ReadDevOutEPInterrupt
                0x00000000080091f2       0x12 Drivers/STM32H7xx_HAL_Driver/Src/stm32h7xx_ll_usb.o
                0x00000000080091f2                USB_ReadDevOutEPInterrupt
 .text.USB_ReadDevInEPInterrupt
                0x0000000008009204       0x26 Drivers/STM32H7xx_HAL_Driver/Src/stm32h7xx_ll_usb.o
                0x0000000008009204                USB_ReadDevInEPInterrupt
 .text.USB_GetMode
                0x000000000800922a        0x8 Drivers/STM32H7xx_HAL_Driver/Src/stm32h7xx_ll_usb.o
                0x000000000800922a                USB_GetMode
 *fill*         0x0000000008009232        0x2 
 .text.USB_ActivateSetup
                0x0000000008009234       0x38 Drivers/STM32H7xx_HAL_Driver/Src/stm32h7xx_ll_usb.o
                0x0000000008009234                USB_ActivateSetup
 .text.USB_EP0_OutStart
                0x000000000800926c       0x60 Drivers/STM32H7xx_HAL_Driver/Src/stm32h7xx_ll_usb.o
                0x000000000800926c                USB_EP0_OutStart
 .text.USBD_CDC_EP0_RxReady
                0x00000000080092cc       0x28 Middlewares/ST/STM32_USB_Device_Library/Class/CDC/Src/usbd_cdc.o
 .text.USBD_CDC_GetFSCfgDesc
                0x00000000080092f4        0xc Middlewares/ST/STM32_USB_Device_Library/Class/CDC/Src/usbd_cdc.o
 .text.USBD_CDC_GetHSCfgDesc
                0x0000000008009300        0xc Middlewares/ST/STM32_USB_Device_Library/Class/CDC/Src/usbd_cdc.o
 .text.USBD_CDC_GetOtherSpeedCfgDesc
                0x000000000800930c        0xc Middlewares/ST/STM32_USB_Device_Library/Class/CDC/Src/usbd_cdc.o
 .text.USBD_CDC_GetDeviceQualifierDescriptor
                0x0000000008009318        0xc Middlewares/ST/STM32_USB_Device_Library/Class/CDC/Src/usbd_cdc.o
                0x0000000008009318                USBD_CDC_GetDeviceQualifierDescriptor
 .text.USBD_CDC_DataOut
                0x0000000008009324       0x2e Middlewares/ST/STM32_USB_Device_Library/Class/CDC/Src/usbd_cdc.o
 .text.USBD_CDC_DataIn
                0x0000000008009352       0x50 Middlewares/ST/STM32_USB_Device_Library/Class/CDC/Src/usbd_cdc.o
 .text.USBD_CDC_Setup
                0x00000000080093a2       0xda Middlewares/ST/STM32_USB_Device_Library/Class/CDC/Src/usbd_cdc.o
 .text.USBD_CDC_DeInit
                0x000000000800947c       0x42 Middlewares/ST/STM32_USB_Device_Library/Class/CDC/Src/usbd_cdc.o
 .text.USBD_CDC_Init
                0x00000000080094be       0xaa Middlewares/ST/STM32_USB_Device_Library/Class/CDC/Src/usbd_cdc.o
 .text.USBD_CDC_RegisterInterface
                0x0000000008009568        0xe Middlewares/ST/STM32_USB_Device_Library/Class/CDC/Src/usbd_cdc.o
                0x0000000008009568                USBD_CDC_RegisterInterface
 .text.USBD_CDC_SetTxBuffer
                0x0000000008009576       0x10 Middlewares/ST/STM32_USB_Device_Library/Class/CDC/Src/usbd_cdc.o
                0x0000000008009576                USBD_CDC_SetTxBuffer
 .text.USBD_CDC_SetRxBuffer
                0x0000000008009586        0xc Middlewares/ST/STM32_USB_Device_Library/Class/CDC/Src/usbd_cdc.o
                0x0000000008009586                USBD_CDC_SetRxBuffer
 .text.USBD_CDC_TransmitPacket
                0x0000000008009592       0x34 Middlewares/ST/STM32_USB_Device_Library/Class/CDC/Src/usbd_cdc.o
                0x0000000008009592                USBD_CDC_TransmitPacket
 .text.USBD_CDC_ReceivePacket
                0x00000000080095c6       0x32 Middlewares/ST/STM32_USB_Device_Library/Class/CDC/Src/usbd_cdc.o
                0x00000000080095c6                USBD_CDC_ReceivePacket
 .text.USBD_Init
                0x00000000080095f8       0x48 Middlewares/ST/STM32_USB_Device_Library/Core/Src/usbd_core.o
                0x00000000080095f8                USBD_Init
 .text.USBD_RegisterClass
                0x0000000008009640       0x2c Middlewares/ST/STM32_USB_Device_Library/Core/Src/usbd_core.o
                0x0000000008009640                USBD_RegisterClass
 .text.USBD_Start
                0x000000000800966c        0xa Middlewares/ST/STM32_USB_Device_Library/Core/Src/usbd_core.o
                0x000000000800966c                USBD_Start
 .text.USBD_SetClassConfig
                0x0000000008009676       0x1a Middlewares/ST/STM32_USB_Device_Library/Core/Src/usbd_core.o
                0x0000000008009676                USBD_SetClassConfig
 .text.USBD_ClrClassConfig
                0x0000000008009690        0xe Middlewares/ST/STM32_USB_Device_Library/Core/Src/usbd_core.o
                0x0000000008009690                USBD_ClrClassConfig
 .text.USBD_LL_SetupStage
                0x000000000800969e       0x5a Middlewares/ST/STM32_USB_Device_Library/Core/Src/usbd_core.o
                0x000000000800969e                USBD_LL_SetupStage
 .text.USBD_LL_DataOutStage
                0x00000000080096f8       0x94 Middlewares/ST/STM32_USB_Device_Library/Core/Src/usbd_core.o
                0x00000000080096f8                USBD_LL_DataOutStage
 .text.USBD_LL_DataInStage
                0x000000000800978c       0xd8 Middlewares/ST/STM32_USB_Device_Library/Core/Src/usbd_core.o
                0x000000000800978c                USBD_LL_DataInStage
 .text.USBD_LL_Reset
                0x0000000008009864       0x50 Middlewares/ST/STM32_USB_Device_Library/Core/Src/usbd_core.o
                0x0000000008009864                USBD_LL_Reset
 .text.USBD_LL_SetSpeed
                0x00000000080098b4        0x6 Middlewares/ST/STM32_USB_Device_Library/Core/Src/usbd_core.o
                0x00000000080098b4                USBD_LL_SetSpeed
 .text.USBD_LL_Suspend
                0x00000000080098ba       0x12 Middlewares/ST/STM32_USB_Device_Library/Core/Src/usbd_core.o
                0x00000000080098ba                USBD_LL_Suspend
 .text.USBD_LL_Resume
                0x00000000080098cc       0x16 Middlewares/ST/STM32_USB_Device_Library/Core/Src/usbd_core.o
                0x00000000080098cc                USBD_LL_Resume
 .text.USBD_LL_SOF
                0x00000000080098e2       0x1c Middlewares/ST/STM32_USB_Device_Library/Core/Src/usbd_core.o
                0x00000000080098e2                USBD_LL_SOF
 .text.USBD_LL_IsoINIncomplete
                0x00000000080098fe        0x4 Middlewares/ST/STM32_USB_Device_Library/Core/Src/usbd_core.o
                0x00000000080098fe                USBD_LL_IsoINIncomplete
 .text.USBD_LL_IsoOUTIncomplete
                0x0000000008009902        0x4 Middlewares/ST/STM32_USB_Device_Library/Core/Src/usbd_core.o
                0x0000000008009902                USBD_LL_IsoOUTIncomplete
 .text.USBD_LL_DevConnected
                0x0000000008009906        0x4 Middlewares/ST/STM32_USB_Device_Library/Core/Src/usbd_core.o
                0x0000000008009906                USBD_LL_DevConnected
 .text.USBD_LL_DevDisconnected
                0x000000000800990a       0x16 Middlewares/ST/STM32_USB_Device_Library/Core/Src/usbd_core.o
                0x000000000800990a                USBD_LL_DevDisconnected
 .text.USBD_GetLen
                0x0000000008009920       0x14 Middlewares/ST/STM32_USB_Device_Library/Core/Src/usbd_ctlreq.o
 .text.USBD_SetFeature
                0x0000000008009934       0x14 Middlewares/ST/STM32_USB_Device_Library/Core/Src/usbd_ctlreq.o
 .text.USBD_ParseSetupRequest
                0x0000000008009948       0x28 Middlewares/ST/STM32_USB_Device_Library/Core/Src/usbd_ctlreq.o
                0x0000000008009948                USBD_ParseSetupRequest
 .text.USBD_CtlError
                0x0000000008009970       0x14 Middlewares/ST/STM32_USB_Device_Library/Core/Src/usbd_ctlreq.o
                0x0000000008009970                USBD_CtlError
 .text.USBD_GetDescriptor
                0x0000000008009984      0x1c6 Middlewares/ST/STM32_USB_Device_Library/Core/Src/usbd_ctlreq.o
 .text.USBD_SetAddress
                0x0000000008009b4a       0x4e Middlewares/ST/STM32_USB_Device_Library/Core/Src/usbd_ctlreq.o
 .text.USBD_SetConfig
                0x0000000008009b98       0xb0 Middlewares/ST/STM32_USB_Device_Library/Core/Src/usbd_ctlreq.o
 .text.USBD_GetConfig
                0x0000000008009c48       0x3c Middlewares/ST/STM32_USB_Device_Library/Core/Src/usbd_ctlreq.o
 .text.USBD_GetStatus
                0x0000000008009c84       0x38 Middlewares/ST/STM32_USB_Device_Library/Core/Src/usbd_ctlreq.o
 .text.USBD_ClrFeature
                0x0000000008009cbc       0x26 Middlewares/ST/STM32_USB_Device_Library/Core/Src/usbd_ctlreq.o
 .text.USBD_StdDevReq
                0x0000000008009ce2       0x68 Middlewares/ST/STM32_USB_Device_Library/Core/Src/usbd_ctlreq.o
                0x0000000008009ce2                USBD_StdDevReq
 .text.USBD_StdItfReq
                0x0000000008009d4a       0x60 Middlewares/ST/STM32_USB_Device_Library/Core/Src/usbd_ctlreq.o
                0x0000000008009d4a                USBD_StdItfReq
 .text.USBD_StdEPReq
                0x0000000008009daa      0x218 Middlewares/ST/STM32_USB_Device_Library/Core/Src/usbd_ctlreq.o
                0x0000000008009daa                USBD_StdEPReq
 .text.USBD_GetString
                0x0000000008009fc2       0x38 Middlewares/ST/STM32_USB_Device_Library/Core/Src/usbd_ctlreq.o
                0x0000000008009fc2                USBD_GetString
 .text.USBD_CtlSendData
                0x0000000008009ffa       0x1a Middlewares/ST/STM32_USB_Device_Library/Core/Src/usbd_ioreq.o
                0x0000000008009ffa                USBD_CtlSendData
 .text.USBD_CtlContinueSendData
                0x000000000800a014       0x10 Middlewares/ST/STM32_USB_Device_Library/Core/Src/usbd_ioreq.o
                0x000000000800a014                USBD_CtlContinueSendData
 .text.USBD_CtlPrepareRx
                0x000000000800a024       0x1e Middlewares/ST/STM32_USB_Device_Library/Core/Src/usbd_ioreq.o
                0x000000000800a024                USBD_CtlPrepareRx
 .text.USBD_CtlContinueRx
                0x000000000800a042       0x10 Middlewares/ST/STM32_USB_Device_Library/Core/Src/usbd_ioreq.o
                0x000000000800a042                USBD_CtlContinueRx
 .text.USBD_CtlSendStatus
                0x000000000800a052       0x16 Middlewares/ST/STM32_USB_Device_Library/Core/Src/usbd_ioreq.o
                0x000000000800a052                USBD_CtlSendStatus
 .text.USBD_CtlReceiveStatus
                0x000000000800a068       0x16 Middlewares/ST/STM32_USB_Device_Library/Core/Src/usbd_ioreq.o
                0x000000000800a068                USBD_CtlReceiveStatus
 .text.ad7779_compute_crc8
                0x000000000800a07e       0x4e Src/ad7779.o
                0x000000000800a07e                ad7779_compute_crc8
 .text.ad7779_spi_int_reg_read
                0x000000000800a0cc       0x74 Src/ad7779.o
                0x000000000800a0cc                ad7779_spi_int_reg_read
 .text.ad7779_spi_int_reg_write
                0x000000000800a140       0x4a Src/ad7779.o
                0x000000000800a140                ad7779_spi_int_reg_write
 .text.ad7779_spi_int_reg_write_mask
                0x000000000800a18a       0x14 Src/ad7779.o
                0x000000000800a18a                ad7779_spi_int_reg_write_mask
 *fill*         0x000000000800a19e        0x2 
 .text.ad7779_do_update_mode_pins
                0x000000000800a1a0      0x148 Src/ad7779.o
                0x000000000800a1a0                ad7779_do_update_mode_pins
 .text.ad7779_set_gain
                0x000000000800a2e8       0x48 Src/ad7779.o
                0x000000000800a2e8                ad7779_set_gain
 .text.ad7779_set_dec_rate
                0x000000000800a330       0x94 Src/ad7779.o
                0x000000000800a330                ad7779_set_dec_rate
 .text.ad7779_set_power_mode
                0x000000000800a3c4       0x1e Src/ad7779.o
                0x000000000800a3c4                ad7779_set_power_mode
 .text.ad7779_set_reference_type
                0x000000000800a3e2       0x1e Src/ad7779.o
                0x000000000800a3e2                ad7779_set_reference_type
 .text.ad7779_setup
                0x000000000800a400      0x17c Src/ad7779.o
                0x000000000800a400                ad7779_setup
 .text.MX_GPIO_Init
                0x000000000800a57c      0x27c Src/main.o
 .text.MX_BDMA_Init
                0x000000000800a7f8       0x48 Src/main.o
 .text.MX_DMA_Init
                0x000000000800a840      0x110 Src/main.o
 .text.HAL_GPIO_EXTI_Callback
                0x000000000800a950       0x3c Src/main.o
                0x000000000800a950                HAL_GPIO_EXTI_Callback
 .text.HAL_SPI_RxCpltCallback
                0x000000000800a98c        0x2 Src/main.o
                0x000000000800a98c                HAL_SPI_RxCpltCallback
 .text.Error_Handler
                0x000000000800a98e        0x2 Src/main.o
                0x000000000800a98e                Error_Handler
 .text.MX_SAI1_Init
                0x000000000800a990       0x64 Src/main.o
 .text.MX_SAI2_Init
                0x000000000800a9f4       0x64 Src/main.o
 .text.MX_SAI3_Init
                0x000000000800aa58       0x64 Src/main.o
 .text.MX_SAI4_Init
                0x000000000800aabc       0x60 Src/main.o
 .text.MX_SPI1_Init
                0x000000000800ab1c       0x58 Src/main.o
 .text.MX_SPI2_Init
                0x000000000800ab74       0x58 Src/main.o
 .text.MX_SPI3_Init
                0x000000000800abcc       0x58 Src/main.o
 .text.MX_SPI4_Init
                0x000000000800ac24       0x58 Src/main.o
 .text.MX_SPI6_Init
                0x000000000800ac7c       0x58 Src/main.o
 .text.MX_USART1_UART_Init
                0x000000000800acd4       0x60 Src/main.o
 .text.MX_TIM1_Init
                0x000000000800ad34       0xc8 Src/main.o
 .text.MX_TIM8_Init
                0x000000000800adfc       0xc8 Src/main.o
 .text.SystemClock_Config
                0x000000000800aec4      0x144 Src/main.o
                0x000000000800aec4                SystemClock_Config
 .text.main     0x000000000800b008      0x3cc Src/main.o
                0x000000000800b008                main
 .text.spi_init
                0x000000000800b3d4        0x4 Src/platform_drivers.o
                0x000000000800b3d4                spi_init
 .text.spi_write_and_read
                0x000000000800b3d8       0x30 Src/platform_drivers.o
                0x000000000800b3d8                spi_write_and_read
 .text.gpio_init
                0x000000000800b408        0x4 Src/platform_drivers.o
                0x000000000800b408                gpio_init
 .text.gpio_set_value
                0x000000000800b40c        0x4 Src/platform_drivers.o
                0x000000000800b40c                gpio_set_value
 .text.mdelay   0x000000000800b410        0x8 Src/platform_drivers.o
                0x000000000800b410                mdelay
 .text.HAL_MspInit
                0x000000000800b418       0x78 Src/stm32h7xx_hal_msp.o
                0x000000000800b418                HAL_MspInit
 .text.HAL_SPI_MspInit
                0x000000000800b490      0x544 Src/stm32h7xx_hal_msp.o
                0x000000000800b490                HAL_SPI_MspInit
 .text.HAL_TIM_Base_MspInit
                0x000000000800b9d4      0x17c Src/stm32h7xx_hal_msp.o
                0x000000000800b9d4                HAL_TIM_Base_MspInit
 .text.HAL_UART_MspInit
                0x000000000800bb50       0xcc Src/stm32h7xx_hal_msp.o
                0x000000000800bb50                HAL_UART_MspInit
 .text.HAL_SAI_MspInit
                0x000000000800bc1c      0x4c8 Src/stm32h7xx_hal_msp.o
                0x000000000800bc1c                HAL_SAI_MspInit
 .text.NMI_Handler
                0x000000000800c0e4        0x2 Src/stm32h7xx_it.o
                0x000000000800c0e4                NMI_Handler
 .text.HardFault_Handler
                0x000000000800c0e6        0x2 Src/stm32h7xx_it.o
                0x000000000800c0e6                HardFault_Handler
 .text.MemManage_Handler
                0x000000000800c0e8        0x2 Src/stm32h7xx_it.o
                0x000000000800c0e8                MemManage_Handler
 .text.BusFault_Handler
                0x000000000800c0ea        0x2 Src/stm32h7xx_it.o
                0x000000000800c0ea                BusFault_Handler
 .text.UsageFault_Handler
                0x000000000800c0ec        0x2 Src/stm32h7xx_it.o
                0x000000000800c0ec                UsageFault_Handler
 .text.SVC_Handler
                0x000000000800c0ee        0x2 Src/stm32h7xx_it.o
                0x000000000800c0ee                SVC_Handler
 .text.DebugMon_Handler
                0x000000000800c0f0        0x2 Src/stm32h7xx_it.o
                0x000000000800c0f0                DebugMon_Handler
 .text.PendSV_Handler
                0x000000000800c0f2        0x2 Src/stm32h7xx_it.o
                0x000000000800c0f2                PendSV_Handler
 .text.SysTick_Handler
                0x000000000800c0f4        0x8 Src/stm32h7xx_it.o
                0x000000000800c0f4                SysTick_Handler
 .text.PVD_AVD_IRQHandler
                0x000000000800c0fc        0x8 Src/stm32h7xx_it.o
                0x000000000800c0fc                PVD_AVD_IRQHandler
 .text.FLASH_IRQHandler
                0x000000000800c104        0x8 Src/stm32h7xx_it.o
                0x000000000800c104                FLASH_IRQHandler
 .text.RCC_IRQHandler
                0x000000000800c10c        0x2 Src/stm32h7xx_it.o
                0x000000000800c10c                RCC_IRQHandler
 .text.EXTI0_IRQHandler
                0x000000000800c10e        0xa Src/stm32h7xx_it.o
                0x000000000800c10e                EXTI0_IRQHandler
 .text.DMA1_Stream0_IRQHandler
                0x000000000800c118       0x10 Src/stm32h7xx_it.o
                0x000000000800c118                DMA1_Stream0_IRQHandler
 .text.DMA1_Stream1_IRQHandler
                0x000000000800c128       0x10 Src/stm32h7xx_it.o
                0x000000000800c128                DMA1_Stream1_IRQHandler
 .text.DMA1_Stream2_IRQHandler
                0x000000000800c138       0x10 Src/stm32h7xx_it.o
                0x000000000800c138                DMA1_Stream2_IRQHandler
 .text.DMA1_Stream3_IRQHandler
                0x000000000800c148       0x10 Src/stm32h7xx_it.o
                0x000000000800c148                DMA1_Stream3_IRQHandler
 .text.DMA1_Stream4_IRQHandler
                0x000000000800c158       0x10 Src/stm32h7xx_it.o
                0x000000000800c158                DMA1_Stream4_IRQHandler
 .text.DMA1_Stream5_IRQHandler
                0x000000000800c168       0x10 Src/stm32h7xx_it.o
                0x000000000800c168                DMA1_Stream5_IRQHandler
 .text.DMA1_Stream6_IRQHandler
                0x000000000800c178       0x10 Src/stm32h7xx_it.o
                0x000000000800c178                DMA1_Stream6_IRQHandler
 .text.TIM1_BRK_IRQHandler
                0x000000000800c188       0x10 Src/stm32h7xx_it.o
                0x000000000800c188                TIM1_BRK_IRQHandler
 .text.TIM1_UP_IRQHandler
                0x000000000800c198       0x10 Src/stm32h7xx_it.o
                0x000000000800c198                TIM1_UP_IRQHandler
 .text.TIM1_TRG_COM_IRQHandler
                0x000000000800c1a8       0x10 Src/stm32h7xx_it.o
                0x000000000800c1a8                TIM1_TRG_COM_IRQHandler
 .text.TIM1_CC_IRQHandler
                0x000000000800c1b8       0x10 Src/stm32h7xx_it.o
                0x000000000800c1b8                TIM1_CC_IRQHandler
 .text.SPI1_IRQHandler
                0x000000000800c1c8       0x10 Src/stm32h7xx_it.o
                0x000000000800c1c8                SPI1_IRQHandler
 .text.SPI2_IRQHandler
                0x000000000800c1d8       0x10 Src/stm32h7xx_it.o
                0x000000000800c1d8                SPI2_IRQHandler
 .text.USART1_IRQHandler
                0x000000000800c1e8       0x10 Src/stm32h7xx_it.o
                0x000000000800c1e8                USART1_IRQHandler
 .text.TIM8_BRK_TIM12_IRQHandler
                0x000000000800c1f8       0x10 Src/stm32h7xx_it.o
                0x000000000800c1f8                TIM8_BRK_TIM12_IRQHandler
 .text.TIM8_UP_TIM13_IRQHandler
                0x000000000800c208       0x10 Src/stm32h7xx_it.o
                0x000000000800c208                TIM8_UP_TIM13_IRQHandler
 .text.TIM8_TRG_COM_TIM14_IRQHandler
                0x000000000800c218       0x10 Src/stm32h7xx_it.o
                0x000000000800c218                TIM8_TRG_COM_TIM14_IRQHandler
 .text.TIM8_CC_IRQHandler
                0x000000000800c228       0x10 Src/stm32h7xx_it.o
                0x000000000800c228                TIM8_CC_IRQHandler
 .text.DMA1_Stream7_IRQHandler
                0x000000000800c238       0x10 Src/stm32h7xx_it.o
                0x000000000800c238                DMA1_Stream7_IRQHandler
 .text.SPI3_IRQHandler
                0x000000000800c248       0x10 Src/stm32h7xx_it.o
                0x000000000800c248                SPI3_IRQHandler
 .text.DMA2_Stream0_IRQHandler
                0x000000000800c258       0x10 Src/stm32h7xx_it.o
                0x000000000800c258                DMA2_Stream0_IRQHandler
 .text.DMA2_Stream1_IRQHandler
                0x000000000800c268       0x10 Src/stm32h7xx_it.o
                0x000000000800c268                DMA2_Stream1_IRQHandler
 .text.DMA2_Stream2_IRQHandler
                0x000000000800c278       0x10 Src/stm32h7xx_it.o
                0x000000000800c278                DMA2_Stream2_IRQHandler
 .text.DMA2_Stream3_IRQHandler
                0x000000000800c288       0x10 Src/stm32h7xx_it.o
                0x000000000800c288                DMA2_Stream3_IRQHandler
 .text.DMA2_Stream4_IRQHandler
                0x000000000800c298       0x10 Src/stm32h7xx_it.o
                0x000000000800c298                DMA2_Stream4_IRQHandler
 .text.OTG_HS_EP1_OUT_IRQHandler
                0x000000000800c2a8       0x10 Src/stm32h7xx_it.o
                0x000000000800c2a8                OTG_HS_EP1_OUT_IRQHandler
 .text.OTG_HS_EP1_IN_IRQHandler
                0x000000000800c2b8       0x10 Src/stm32h7xx_it.o
                0x000000000800c2b8                OTG_HS_EP1_IN_IRQHandler
 .text.OTG_HS_IRQHandler
                0x000000000800c2c8       0x10 Src/stm32h7xx_it.o
                0x000000000800c2c8                OTG_HS_IRQHandler
 .text.FPU_IRQHandler
                0x000000000800c2d8        0x2 Src/stm32h7xx_it.o
                0x000000000800c2d8                FPU_IRQHandler
 *fill*         0x000000000800c2da        0x2 
 .text.SPI4_IRQHandler
                0x000000000800c2dc       0x10 Src/stm32h7xx_it.o
                0x000000000800c2dc                SPI4_IRQHandler
 .text.SPI6_IRQHandler
                0x000000000800c2ec       0x10 Src/stm32h7xx_it.o
                0x000000000800c2ec                SPI6_IRQHandler
 .text.SAI1_IRQHandler
                0x000000000800c2fc       0x18 Src/stm32h7xx_it.o
                0x000000000800c2fc                SAI1_IRQHandler
 .text.SAI2_IRQHandler
                0x000000000800c314       0x18 Src/stm32h7xx_it.o
                0x000000000800c314                SAI2_IRQHandler
 .text.SAI3_IRQHandler
                0x000000000800c32c       0x18 Src/stm32h7xx_it.o
                0x000000000800c32c                SAI3_IRQHandler
 .text.HSEM1_IRQHandler
                0x000000000800c344        0x8 Src/stm32h7xx_it.o
                0x000000000800c344                HSEM1_IRQHandler
 .text.BDMA_Channel0_IRQHandler
                0x000000000800c34c       0x10 Src/stm32h7xx_it.o
                0x000000000800c34c                BDMA_Channel0_IRQHandler
 .text.BDMA_Channel1_IRQHandler
                0x000000000800c35c       0x10 Src/stm32h7xx_it.o
                0x000000000800c35c                BDMA_Channel1_IRQHandler
 .text.SAI4_IRQHandler
                0x000000000800c36c       0x18 Src/stm32h7xx_it.o
                0x000000000800c36c                SAI4_IRQHandler
 .text._read    0x000000000800c384       0x1e Src/syscalls.o
                0x000000000800c384                _read
 .text._write   0x000000000800c3a2       0x1c Src/syscalls.o
                0x000000000800c3a2                _write
 *fill*         0x000000000800c3be        0x2 
 .text._sbrk    0x000000000800c3c0       0x3c Src/syscalls.o
                0x000000000800c3c0                _sbrk
 .text._close   0x000000000800c3fc        0x6 Src/syscalls.o
                0x000000000800c3fc                _close
 .text._fstat   0x000000000800c402        0xa Src/syscalls.o
                0x000000000800c402                _fstat
 .text._isatty  0x000000000800c40c        0x4 Src/syscalls.o
                0x000000000800c40c                _isatty
 .text._lseek   0x000000000800c410        0x4 Src/syscalls.o
                0x000000000800c410                _lseek
 .text.SystemInit
                0x000000000800c414       0x7c Src/system_stm32h7xx.o
                0x000000000800c414                SystemInit
 .text.MX_USB_DEVICE_Init
                0x000000000800c490       0x58 Src/usb_device.o
                0x000000000800c490                MX_USB_DEVICE_Init
 .text.CDC_DeInit_HS
                0x000000000800c4e8        0x4 Src/usbd_cdc_if.o
 .text.CDC_Control_HS
                0x000000000800c4ec        0x4 Src/usbd_cdc_if.o
 .text.CDC_Receive_HS
                0x000000000800c4f0       0x1c Src/usbd_cdc_if.o
 .text.CDC_Init_HS
                0x000000000800c50c       0x28 Src/usbd_cdc_if.o
 .text.CDC_Transmit_HS
                0x000000000800c534       0x2c Src/usbd_cdc_if.o
                0x000000000800c534                CDC_Transmit_HS
 .text.HAL_PCD_MspInit
                0x000000000800c560       0xa4 Src/usbd_conf.o
                0x000000000800c560                HAL_PCD_MspInit
 .text.HAL_PCD_SetupStageCallback
                0x000000000800c604       0x10 Src/usbd_conf.o
                0x000000000800c604                HAL_PCD_SetupStageCallback
 .text.HAL_PCD_DataOutStageCallback
                0x000000000800c614       0x18 Src/usbd_conf.o
                0x000000000800c614                HAL_PCD_DataOutStageCallback
 .text.HAL_PCD_DataInStageCallback
                0x000000000800c62c       0x16 Src/usbd_conf.o
                0x000000000800c62c                HAL_PCD_DataInStageCallback
 .text.HAL_PCD_SOFCallback
                0x000000000800c642        0xc Src/usbd_conf.o
                0x000000000800c642                HAL_PCD_SOFCallback
 .text.HAL_PCD_ResetCallback
                0x000000000800c64e       0x2c Src/usbd_conf.o
                0x000000000800c64e                HAL_PCD_ResetCallback
 *fill*         0x000000000800c67a        0x2 
 .text.HAL_PCD_SuspendCallback
                0x000000000800c67c       0x30 Src/usbd_conf.o
                0x000000000800c67c                HAL_PCD_SuspendCallback
 .text.HAL_PCD_ResumeCallback
                0x000000000800c6ac        0xc Src/usbd_conf.o
                0x000000000800c6ac                HAL_PCD_ResumeCallback
 .text.HAL_PCD_ISOOUTIncompleteCallback
                0x000000000800c6b8        0xc Src/usbd_conf.o
                0x000000000800c6b8                HAL_PCD_ISOOUTIncompleteCallback
 .text.HAL_PCD_ISOINIncompleteCallback
                0x000000000800c6c4        0xc Src/usbd_conf.o
                0x000000000800c6c4                HAL_PCD_ISOINIncompleteCallback
 .text.HAL_PCD_ConnectCallback
                0x000000000800c6d0        0xc Src/usbd_conf.o
                0x000000000800c6d0                HAL_PCD_ConnectCallback
 .text.HAL_PCD_DisconnectCallback
                0x000000000800c6dc        0xc Src/usbd_conf.o
                0x000000000800c6dc                HAL_PCD_DisconnectCallback
 .text.USBD_LL_Init
                0x000000000800c6e8       0x74 Src/usbd_conf.o
                0x000000000800c6e8                USBD_LL_Init
 .text.USBD_LL_IsStallEP
                0x000000000800c75c       0x2e Src/usbd_conf.o
                0x000000000800c75c                USBD_LL_IsStallEP
 .text.USBD_LL_GetRxDataSize
                0x000000000800c78a        0xc Src/usbd_conf.o
                0x000000000800c78a                USBD_LL_GetRxDataSize
 .text.USBD_Get_USB_Status
                0x000000000800c796       0x12 Src/usbd_conf.o
                0x000000000800c796                USBD_Get_USB_Status
 .text.USBD_LL_Start
                0x000000000800c7a8       0x10 Src/usbd_conf.o
                0x000000000800c7a8                USBD_LL_Start
 .text.USBD_LL_OpenEP
                0x000000000800c7b8       0x16 Src/usbd_conf.o
                0x000000000800c7b8                USBD_LL_OpenEP
 .text.USBD_LL_CloseEP
                0x000000000800c7ce       0x10 Src/usbd_conf.o
                0x000000000800c7ce                USBD_LL_CloseEP
 .text.USBD_LL_StallEP
                0x000000000800c7de       0x10 Src/usbd_conf.o
                0x000000000800c7de                USBD_LL_StallEP
 .text.USBD_LL_ClearStallEP
                0x000000000800c7ee       0x10 Src/usbd_conf.o
                0x000000000800c7ee                USBD_LL_ClearStallEP
 .text.USBD_LL_SetUSBAddress
                0x000000000800c7fe       0x10 Src/usbd_conf.o
                0x000000000800c7fe                USBD_LL_SetUSBAddress
 .text.USBD_LL_Transmit
                0x000000000800c80e       0x10 Src/usbd_conf.o
                0x000000000800c80e                USBD_LL_Transmit
 .text.USBD_LL_PrepareReceive
                0x000000000800c81e       0x10 Src/usbd_conf.o
                0x000000000800c81e                USBD_LL_PrepareReceive
 *fill*         0x000000000800c82e        0x2 
 .text.USBD_HS_DeviceDescriptor
                0x000000000800c830        0xc Src/usbd_desc.o
                0x000000000800c830                USBD_HS_DeviceDescriptor
 .text.USBD_HS_LangIDStrDescriptor
                0x000000000800c83c        0xc Src/usbd_desc.o
                0x000000000800c83c                USBD_HS_LangIDStrDescriptor
 .text.IntToUnicode
                0x000000000800c848       0x36 Src/usbd_desc.o
 *fill*         0x000000000800c87e        0x2 
 .text.Get_SerialNum
                0x000000000800c880       0x38 Src/usbd_desc.o
 .text.USBD_HS_SerialStrDescriptor
                0x000000000800c8b8       0x14 Src/usbd_desc.o
                0x000000000800c8b8                USBD_HS_SerialStrDescriptor
 .text.USBD_HS_ProductStrDescriptor
                0x000000000800c8cc       0x24 Src/usbd_desc.o
                0x000000000800c8cc                USBD_HS_ProductStrDescriptor
 .text.USBD_HS_ManufacturerStrDescriptor
                0x000000000800c8f0       0x1c Src/usbd_desc.o
                0x000000000800c8f0                USBD_HS_ManufacturerStrDescriptor
 .text.USBD_HS_ConfigStrDescriptor
                0x000000000800c90c       0x24 Src/usbd_desc.o
                0x000000000800c90c                USBD_HS_ConfigStrDescriptor
 .text.USBD_HS_InterfaceStrDescriptor
                0x000000000800c930       0x24 Src/usbd_desc.o
                0x000000000800c930                USBD_HS_InterfaceStrDescriptor
 .text.Reset_Handler
                0x000000000800c954       0x50 startup/startup_stm32h743xx.o
                0x000000000800c954                Reset_Handler
 .text.Default_Handler
                0x000000000800c9a4        0x2 startup/startup_stm32h743xx.o
                0x000000000800c9a4                RTC_Alarm_IRQHandler
                0x000000000800c9a4                EXTI2_IRQHandler
                0x000000000800c9a4                HRTIM1_Master_IRQHandler
                0x000000000800c9a4                UART8_IRQHandler
                0x000000000800c9a4                BDMA_Channel6_IRQHandler
                0x000000000800c9a4                DMA2_Stream5_IRQHandler
                0x000000000800c9a4                HRTIM1_FLT_IRQHandler
                0x000000000800c9a4                JPEG_IRQHandler
                0x000000000800c9a4                HRTIM1_TIMD_IRQHandler
                0x000000000800c9a4                TAMP_STAMP_IRQHandler
                0x000000000800c9a4                EXTI3_IRQHandler
                0x000000000800c9a4                LPTIM4_IRQHandler
                0x000000000800c9a4                LPTIM2_IRQHandler
                0x000000000800c9a4                DFSDM1_FLT1_IRQHandler
                0x000000000800c9a4                DMAMUX2_OVR_IRQHandler
                0x000000000800c9a4                I2C3_ER_IRQHandler
                0x000000000800c9a4                DFSDM1_FLT2_IRQHandler
                0x000000000800c9a4                MDMA_IRQHandler
                0x000000000800c9a4                LPTIM3_IRQHandler
                0x000000000800c9a4                I2C2_EV_IRQHandler
                0x000000000800c9a4                OTG_HS_WKUP_IRQHandler
                0x000000000800c9a4                FDCAN1_IT1_IRQHandler
                0x000000000800c9a4                LTDC_ER_IRQHandler
                0x000000000800c9a4                HRTIM1_TIME_IRQHandler
                0x000000000800c9a4                TIM6_DAC_IRQHandler
                0x000000000800c9a4                DCMI_IRQHandler
                0x000000000800c9a4                HRTIM1_TIMC_IRQHandler
                0x000000000800c9a4                DFSDM1_FLT3_IRQHandler
                0x000000000800c9a4                USART6_IRQHandler
                0x000000000800c9a4                TIM17_IRQHandler
                0x000000000800c9a4                USART3_IRQHandler
                0x000000000800c9a4                BDMA_Channel7_IRQHandler
                0x000000000800c9a4                LPTIM5_IRQHandler
                0x000000000800c9a4                UART5_IRQHandler
                0x000000000800c9a4                ADC3_IRQHandler
                0x000000000800c9a4                TIM4_IRQHandler
                0x000000000800c9a4                BDMA_Channel2_IRQHandler
                0x000000000800c9a4                QUADSPI_IRQHandler
                0x000000000800c9a4                I2C1_EV_IRQHandler
                0x000000000800c9a4                DMAMUX1_OVR_IRQHandler
                0x000000000800c9a4                TIM16_IRQHandler
                0x000000000800c9a4                UART4_IRQHandler
                0x000000000800c9a4                BDMA_Channel5_IRQHandler
                0x000000000800c9a4                TIM3_IRQHandler
                0x000000000800c9a4                Default_Handler
                0x000000000800c9a4                ECC_IRQHandler
                0x000000000800c9a4                CEC_IRQHandler
                0x000000000800c9a4                EXTI15_10_IRQHandler
                0x000000000800c9a4                ADC_IRQHandler
                0x000000000800c9a4                HRTIM1_TIMA_IRQHandler
                0x000000000800c9a4                SPI5_IRQHandler
                0x000000000800c9a4                TIM7_IRQHandler
                0x000000000800c9a4                SDMMC1_IRQHandler
                0x000000000800c9a4                TIM5_IRQHandler
                0x000000000800c9a4                DMA2_Stream7_IRQHandler
                0x000000000800c9a4                TIM15_IRQHandler
                0x000000000800c9a4                I2C3_EV_IRQHandler
                0x000000000800c9a4                EXTI9_5_IRQHandler
                0x000000000800c9a4                RTC_WKUP_IRQHandler
                0x000000000800c9a4                LTDC_IRQHandler
                0x000000000800c9a4                ETH_WKUP_IRQHandler
                0x000000000800c9a4                SPDIF_RX_IRQHandler
                0x000000000800c9a4                CRS_IRQHandler
                0x000000000800c9a4                EXTI4_IRQHandler
                0x000000000800c9a4                RNG_IRQHandler
                0x000000000800c9a4                HRTIM1_TIMB_IRQHandler
                0x000000000800c9a4                FDCAN2_IT1_IRQHandler
                0x000000000800c9a4                ETH_IRQHandler
                0x000000000800c9a4                BDMA_Channel4_IRQHandler
                0x000000000800c9a4                WWDG_IRQHandler
                0x000000000800c9a4                MDIOS_IRQHandler
                0x000000000800c9a4                I2C4_EV_IRQHandler
                0x000000000800c9a4                FDCAN2_IT0_IRQHandler
                0x000000000800c9a4                LPUART1_IRQHandler
                0x000000000800c9a4                FDCAN1_IT0_IRQHandler
                0x000000000800c9a4                TIM2_IRQHandler
                0x000000000800c9a4                OTG_FS_WKUP_IRQHandler
                0x000000000800c9a4                DMA2D_IRQHandler
                0x000000000800c9a4                EXTI1_IRQHandler
                0x000000000800c9a4                SDMMC2_IRQHandler
                0x000000000800c9a4                OTG_FS_EP1_OUT_IRQHandler
                0x000000000800c9a4                BDMA_Channel3_IRQHandler
                0x000000000800c9a4                UART7_IRQHandler
                0x000000000800c9a4                MDIOS_WKUP_IRQHandler
                0x000000000800c9a4                USART2_IRQHandler
                0x000000000800c9a4                DFSDM1_FLT0_IRQHandler
                0x000000000800c9a4                I2C2_ER_IRQHandler
                0x000000000800c9a4                OTG_FS_IRQHandler
                0x000000000800c9a4                WAKEUP_PIN_IRQHandler
                0x000000000800c9a4                OTG_FS_EP1_IN_IRQHandler
                0x000000000800c9a4                I2C1_ER_IRQHandler
                0x000000000800c9a4                FMC_IRQHandler
                0x000000000800c9a4                FDCAN_CAL_IRQHandler
                0x000000000800c9a4                SWPMI1_IRQHandler
                0x000000000800c9a4                COMP1_IRQHandler
                0x000000000800c9a4                LPTIM1_IRQHandler
                0x000000000800c9a4                I2C4_ER_IRQHandler
                0x000000000800c9a4                DMA2_Stream6_IRQHandler
 *fill*         0x000000000800c9a6        0x2 
 .text.__errno  0x000000000800c9a8        0xc /home/dmitryneuro/opt/Ac6/SystemWorkbench/plugins/fr.ac6.mcu.externaltools.arm-none.linux64_1.15.0.201708311556/tools/compiler/bin/../lib/gcc/arm-none-eabi/6.3.1/../../../../arm-none-eabi/lib/thumb/v7e-m/fpv5/hard/libc_nano.a(lib_a-errno.o)
                0x000000000800c9a8                __errno
 .text.__libc_init_array
                0x000000000800c9b4       0x48 /home/dmitryneuro/opt/Ac6/SystemWorkbench/plugins/fr.ac6.mcu.externaltools.arm-none.linux64_1.15.0.201708311556/tools/compiler/bin/../lib/gcc/arm-none-eabi/6.3.1/../../../../arm-none-eabi/lib/thumb/v7e-m/fpv5/hard/libc_nano.a(lib_a-init.o)
                0x000000000800c9b4                __libc_init_array
 .text.malloc   0x000000000800c9fc       0x10 /home/dmitryneuro/opt/Ac6/SystemWorkbench/plugins/fr.ac6.mcu.externaltools.arm-none.linux64_1.15.0.201708311556/tools/compiler/bin/../lib/gcc/arm-none-eabi/6.3.1/../../../../arm-none-eabi/lib/thumb/v7e-m/fpv5/hard/libc_nano.a(lib_a-malloc.o)
                0x000000000800c9fc                malloc
 .text.free     0x000000000800ca0c       0x10 /home/dmitryneuro/opt/Ac6/SystemWorkbench/plugins/fr.ac6.mcu.externaltools.arm-none.linux64_1.15.0.201708311556/tools/compiler/bin/../lib/gcc/arm-none-eabi/6.3.1/../../../../arm-none-eabi/lib/thumb/v7e-m/fpv5/hard/libc_nano.a(lib_a-malloc.o)
                0x000000000800ca0c                free
 .text.memcpy   0x000000000800ca1c       0x16 /home/dmitryneuro/opt/Ac6/SystemWorkbench/plugins/fr.ac6.mcu.externaltools.arm-none.linux64_1.15.0.201708311556/tools/compiler/bin/../lib/gcc/arm-none-eabi/6.3.1/../../../../arm-none-eabi/lib/thumb/v7e-m/fpv5/hard/libc_nano.a(lib_a-memcpy-stub.o)
                0x000000000800ca1c                memcpy
 .text.memset   0x000000000800ca32       0x10 /home/dmitryneuro/opt/Ac6/SystemWorkbench/plugins/fr.ac6.mcu.externaltools.arm-none.linux64_1.15.0.201708311556/tools/compiler/bin/../lib/gcc/arm-none-eabi/6.3.1/../../../../arm-none-eabi/lib/thumb/v7e-m/fpv5/hard/libc_nano.a(lib_a-memset.o)
                0x000000000800ca32                memset
 *fill*         0x000000000800ca42        0x2 
 .text._free_r  0x000000000800ca44       0x9c /home/dmitryneuro/opt/Ac6/SystemWorkbench/plugins/fr.ac6.mcu.externaltools.arm-none.linux64_1.15.0.201708311556/tools/compiler/bin/../lib/gcc/arm-none-eabi/6.3.1/../../../../arm-none-eabi/lib/thumb/v7e-m/fpv5/hard/libc_nano.a(lib_a-nano-freer.o)
                0x000000000800ca44                _free_r
 .text._malloc_r
                0x000000000800cae0       0xbc /home/dmitryneuro/opt/Ac6/SystemWorkbench/plugins/fr.ac6.mcu.externaltools.arm-none.linux64_1.15.0.201708311556/tools/compiler/bin/../lib/gcc/arm-none-eabi/6.3.1/../../../../arm-none-eabi/lib/thumb/v7e-m/fpv5/hard/libc_nano.a(lib_a-nano-mallocr.o)
                0x000000000800cae0                _malloc_r
 .text.printf   0x000000000800cb9c       0x30 /home/dmitryneuro/opt/Ac6/SystemWorkbench/plugins/fr.ac6.mcu.externaltools.arm-none.linux64_1.15.0.201708311556/tools/compiler/bin/../lib/gcc/arm-none-eabi/6.3.1/../../../../arm-none-eabi/lib/thumb/v7e-m/fpv5/hard/libc_nano.a(lib_a-printf.o)
                0x000000000800cb9c                printf
                0x000000000800cb9c                iprintf
 .text.putchar  0x000000000800cbcc       0x28 /home/dmitryneuro/opt/Ac6/SystemWorkbench/plugins/fr.ac6.mcu.externaltools.arm-none.linux64_1.15.0.201708311556/tools/compiler/bin/../lib/gcc/arm-none-eabi/6.3.1/../../../../arm-none-eabi/lib/thumb/v7e-m/fpv5/hard/libc_nano.a(lib_a-putchar.o)
                0x000000000800cbcc                putchar
 .text._sbrk_r  0x000000000800cbf4       0x20 /home/dmitryneuro/opt/Ac6/SystemWorkbench/plugins/fr.ac6.mcu.externaltools.arm-none.linux64_1.15.0.201708311556/tools/compiler/bin/../lib/gcc/arm-none-eabi/6.3.1/../../../../arm-none-eabi/lib/thumb/v7e-m/fpv5/hard/libc_nano.a(lib_a-sbrkr.o)
                0x000000000800cbf4                _sbrk_r
 .text._cleanup_r
                0x000000000800cc14        0xc /home/dmitryneuro/opt/Ac6/SystemWorkbench/plugins/fr.ac6.mcu.externaltools.arm-none.linux64_1.15.0.201708311556/tools/compiler/bin/../lib/gcc/arm-none-eabi/6.3.1/../../../../arm-none-eabi/lib/thumb/v7e-m/fpv5/hard/libc_nano.a(lib_a-findfp.o)
                0x000000000800cc14                _cleanup_r
 .text.std.isra.0
                0x000000000800cc20       0x48 /home/dmitryneuro/opt/Ac6/SystemWorkbench/plugins/fr.ac6.mcu.externaltools.arm-none.linux64_1.15.0.201708311556/tools/compiler/bin/../lib/gcc/arm-none-eabi/6.3.1/../../../../arm-none-eabi/lib/thumb/v7e-m/fpv5/hard/libc_nano.a(lib_a-findfp.o)
 .text.__sfmoreglue
                0x000000000800cc68       0x2c /home/dmitryneuro/opt/Ac6/SystemWorkbench/plugins/fr.ac6.mcu.externaltools.arm-none.linux64_1.15.0.201708311556/tools/compiler/bin/../lib/gcc/arm-none-eabi/6.3.1/../../../../arm-none-eabi/lib/thumb/v7e-m/fpv5/hard/libc_nano.a(lib_a-findfp.o)
                0x000000000800cc68                __sfmoreglue
 .text.__sinit  0x000000000800cc94       0x60 /home/dmitryneuro/opt/Ac6/SystemWorkbench/plugins/fr.ac6.mcu.externaltools.arm-none.linux64_1.15.0.201708311556/tools/compiler/bin/../lib/gcc/arm-none-eabi/6.3.1/../../../../arm-none-eabi/lib/thumb/v7e-m/fpv5/hard/libc_nano.a(lib_a-findfp.o)
                0x000000000800cc94                __sinit
 .text.__sfp    0x000000000800ccf4       0x78 /home/dmitryneuro/opt/Ac6/SystemWorkbench/plugins/fr.ac6.mcu.externaltools.arm-none.linux64_1.15.0.201708311556/tools/compiler/bin/../lib/gcc/arm-none-eabi/6.3.1/../../../../arm-none-eabi/lib/thumb/v7e-m/fpv5/hard/libc_nano.a(lib_a-findfp.o)
                0x000000000800ccf4                __sfp
 .text._fwalk_reent
                0x000000000800cd6c       0x3c /home/dmitryneuro/opt/Ac6/SystemWorkbench/plugins/fr.ac6.mcu.externaltools.arm-none.linux64_1.15.0.201708311556/tools/compiler/bin/../lib/gcc/arm-none-eabi/6.3.1/../../../../arm-none-eabi/lib/thumb/v7e-m/fpv5/hard/libc_nano.a(lib_a-fwalk.o)
                0x000000000800cd6c                _fwalk_reent
 .text.__malloc_lock
                0x000000000800cda8        0x2 /home/dmitryneuro/opt/Ac6/SystemWorkbench/plugins/fr.ac6.mcu.externaltools.arm-none.linux64_1.15.0.201708311556/tools/compiler/bin/../lib/gcc/arm-none-eabi/6.3.1/../../../../arm-none-eabi/lib/thumb/v7e-m/fpv5/hard/libc_nano.a(lib_a-mlock.o)
                0x000000000800cda8                __malloc_lock
 .text.__malloc_unlock
                0x000000000800cdaa        0x2 /home/dmitryneuro/opt/Ac6/SystemWorkbench/plugins/fr.ac6.mcu.externaltools.arm-none.linux64_1.15.0.201708311556/tools/compiler/bin/../lib/gcc/arm-none-eabi/6.3.1/../../../../arm-none-eabi/lib/thumb/v7e-m/fpv5/hard/libc_nano.a(lib_a-mlock.o)
                0x000000000800cdaa                __malloc_unlock
 .text.__sfputc_r
                0x000000000800cdac       0x30 /home/dmitryneuro/opt/Ac6/SystemWorkbench/plugins/fr.ac6.mcu.externaltools.arm-none.linux64_1.15.0.201708311556/tools/compiler/bin/../lib/gcc/arm-none-eabi/6.3.1/../../../../arm-none-eabi/lib/thumb/v7e-m/fpv5/hard/libc_nano.a(lib_a-nano-vfprintf.o)
 .text.__sfputs_r
                0x000000000800cddc       0x24 /home/dmitryneuro/opt/Ac6/SystemWorkbench/plugins/fr.ac6.mcu.externaltools.arm-none.linux64_1.15.0.201708311556/tools/compiler/bin/../lib/gcc/arm-none-eabi/6.3.1/../../../../arm-none-eabi/lib/thumb/v7e-m/fpv5/hard/libc_nano.a(lib_a-nano-vfprintf.o)
                0x000000000800cddc                __sfputs_r
 .text._vfprintf_r
                0x000000000800ce00      0x22c /home/dmitryneuro/opt/Ac6/SystemWorkbench/plugins/fr.ac6.mcu.externaltools.arm-none.linux64_1.15.0.201708311556/tools/compiler/bin/../lib/gcc/arm-none-eabi/6.3.1/../../../../arm-none-eabi/lib/thumb/v7e-m/fpv5/hard/libc_nano.a(lib_a-nano-vfprintf.o)
                0x000000000800ce00                _vfiprintf_r
                0x000000000800ce00                _vfprintf_r
 .text._printf_common
                0x000000000800d02c       0xec /home/dmitryneuro/opt/Ac6/SystemWorkbench/plugins/fr.ac6.mcu.externaltools.arm-none.linux64_1.15.0.201708311556/tools/compiler/bin/../lib/gcc/arm-none-eabi/6.3.1/../../../../arm-none-eabi/lib/thumb/v7e-m/fpv5/hard/libc_nano.a(lib_a-nano-vfprintf_i.o)
                0x000000000800d02c                _printf_common
 .text._printf_i
                0x000000000800d118      0x240 /home/dmitryneuro/opt/Ac6/SystemWorkbench/plugins/fr.ac6.mcu.externaltools.arm-none.linux64_1.15.0.201708311556/tools/compiler/bin/../lib/gcc/arm-none-eabi/6.3.1/../../../../arm-none-eabi/lib/thumb/v7e-m/fpv5/hard/libc_nano.a(lib_a-nano-vfprintf_i.o)
                0x000000000800d118                _printf_i
 .text._putc_r  0x000000000800d358       0x6c /home/dmitryneuro/opt/Ac6/SystemWorkbench/plugins/fr.ac6.mcu.externaltools.arm-none.linux64_1.15.0.201708311556/tools/compiler/bin/../lib/gcc/arm-none-eabi/6.3.1/../../../../arm-none-eabi/lib/thumb/v7e-m/fpv5/hard/libc_nano.a(lib_a-putc.o)
                0x000000000800d358                _putc_r
 .text.__sread  0x000000000800d3c4       0x22 /home/dmitryneuro/opt/Ac6/SystemWorkbench/plugins/fr.ac6.mcu.externaltools.arm-none.linux64_1.15.0.201708311556/tools/compiler/bin/../lib/gcc/arm-none-eabi/6.3.1/../../../../arm-none-eabi/lib/thumb/v7e-m/fpv5/hard/libc_nano.a(lib_a-stdio.o)
                0x000000000800d3c4                __sread
 .text.__swrite
                0x000000000800d3e6       0x38 /home/dmitryneuro/opt/Ac6/SystemWorkbench/plugins/fr.ac6.mcu.externaltools.arm-none.linux64_1.15.0.201708311556/tools/compiler/bin/../lib/gcc/arm-none-eabi/6.3.1/../../../../arm-none-eabi/lib/thumb/v7e-m/fpv5/hard/libc_nano.a(lib_a-stdio.o)
                0x000000000800d3e6                __swrite
 .text.__sseek  0x000000000800d41e       0x24 /home/dmitryneuro/opt/Ac6/SystemWorkbench/plugins/fr.ac6.mcu.externaltools.arm-none.linux64_1.15.0.201708311556/tools/compiler/bin/../lib/gcc/arm-none-eabi/6.3.1/../../../../arm-none-eabi/lib/thumb/v7e-m/fpv5/hard/libc_nano.a(lib_a-stdio.o)
                0x000000000800d41e                __sseek
 .text.__sclose
                0x000000000800d442        0x8 /home/dmitryneuro/opt/Ac6/SystemWorkbench/plugins/fr.ac6.mcu.externaltools.arm-none.linux64_1.15.0.201708311556/tools/compiler/bin/../lib/gcc/arm-none-eabi/6.3.1/../../../../arm-none-eabi/lib/thumb/v7e-m/fpv5/hard/libc_nano.a(lib_a-stdio.o)
                0x000000000800d442                __sclose
 *fill*         0x000000000800d44a        0x2 
 .text.__swbuf_r
                0x000000000800d44c       0xa4 /home/dmitryneuro/opt/Ac6/SystemWorkbench/plugins/fr.ac6.mcu.externaltools.arm-none.linux64_1.15.0.201708311556/tools/compiler/bin/../lib/gcc/arm-none-eabi/6.3.1/../../../../arm-none-eabi/lib/thumb/v7e-m/fpv5/hard/libc_nano.a(lib_a-wbuf.o)
                0x000000000800d44c                __swbuf_r
 .text._write_r
                0x000000000800d4f0       0x24 /home/dmitryneuro/opt/Ac6/SystemWorkbench/plugins/fr.ac6.mcu.externaltools.arm-none.linux64_1.15.0.201708311556/tools/compiler/bin/../lib/gcc/arm-none-eabi/6.3.1/../../../../arm-none-eabi/lib/thumb/v7e-m/fpv5/hard/libc_nano.a(lib_a-writer.o)
                0x000000000800d4f0                _write_r
 .text.__swsetup_r
                0x000000000800d514       0xdc /home/dmitryneuro/opt/Ac6/SystemWorkbench/plugins/fr.ac6.mcu.externaltools.arm-none.linux64_1.15.0.201708311556/tools/compiler/bin/../lib/gcc/arm-none-eabi/6.3.1/../../../../arm-none-eabi/lib/thumb/v7e-m/fpv5/hard/libc_nano.a(lib_a-wsetup.o)
                0x000000000800d514                __swsetup_r
 .text._close_r
                0x000000000800d5f0       0x20 /home/dmitryneuro/opt/Ac6/SystemWorkbench/plugins/fr.ac6.mcu.externaltools.arm-none.linux64_1.15.0.201708311556/tools/compiler/bin/../lib/gcc/arm-none-eabi/6.3.1/../../../../arm-none-eabi/lib/thumb/v7e-m/fpv5/hard/libc_nano.a(lib_a-closer.o)
                0x000000000800d5f0                _close_r
 .text.__sflush_r
                0x000000000800d610      0x110 /home/dmitryneuro/opt/Ac6/SystemWorkbench/plugins/fr.ac6.mcu.externaltools.arm-none.linux64_1.15.0.201708311556/tools/compiler/bin/../lib/gcc/arm-none-eabi/6.3.1/../../../../arm-none-eabi/lib/thumb/v7e-m/fpv5/hard/libc_nano.a(lib_a-fflush.o)
                0x000000000800d610                __sflush_r
 .text._fflush_r
                0x000000000800d720       0x54 /home/dmitryneuro/opt/Ac6/SystemWorkbench/plugins/fr.ac6.mcu.externaltools.arm-none.linux64_1.15.0.201708311556/tools/compiler/bin/../lib/gcc/arm-none-eabi/6.3.1/../../../../arm-none-eabi/lib/thumb/v7e-m/fpv5/hard/libc_nano.a(lib_a-fflush.o)
                0x000000000800d720                _fflush_r
 .text._lseek_r
                0x000000000800d774       0x24 /home/dmitryneuro/opt/Ac6/SystemWorkbench/plugins/fr.ac6.mcu.externaltools.arm-none.linux64_1.15.0.201708311556/tools/compiler/bin/../lib/gcc/arm-none-eabi/6.3.1/../../../../arm-none-eabi/lib/thumb/v7e-m/fpv5/hard/libc_nano.a(lib_a-lseekr.o)
                0x000000000800d774                _lseek_r
 .text.__swhatbuf_r
                0x000000000800d798       0x48 /home/dmitryneuro/opt/Ac6/SystemWorkbench/plugins/fr.ac6.mcu.externaltools.arm-none.linux64_1.15.0.201708311556/tools/compiler/bin/../lib/gcc/arm-none-eabi/6.3.1/../../../../arm-none-eabi/lib/thumb/v7e-m/fpv5/hard/libc_nano.a(lib_a-makebuf.o)
                0x000000000800d798                __swhatbuf_r
 .text.__smakebuf_r
                0x000000000800d7e0       0x80 /home/dmitryneuro/opt/Ac6/SystemWorkbench/plugins/fr.ac6.mcu.externaltools.arm-none.linux64_1.15.0.201708311556/tools/compiler/bin/../lib/gcc/arm-none-eabi/6.3.1/../../../../arm-none-eabi/lib/thumb/v7e-m/fpv5/hard/libc_nano.a(lib_a-makebuf.o)
                0x000000000800d7e0                __smakebuf_r
 .text._read_r  0x000000000800d860       0x24 /home/dmitryneuro/opt/Ac6/SystemWorkbench/plugins/fr.ac6.mcu.externaltools.arm-none.linux64_1.15.0.201708311556/tools/compiler/bin/../lib/gcc/arm-none-eabi/6.3.1/../../../../arm-none-eabi/lib/thumb/v7e-m/fpv5/hard/libc_nano.a(lib_a-readr.o)
                0x000000000800d860                _read_r
 .text._fstat_r
                0x000000000800d884       0x24 /home/dmitryneuro/opt/Ac6/SystemWorkbench/plugins/fr.ac6.mcu.externaltools.arm-none.linux64_1.15.0.201708311556/tools/compiler/bin/../lib/gcc/arm-none-eabi/6.3.1/../../../../arm-none-eabi/lib/thumb/v7e-m/fpv5/hard/libc_nano.a(lib_a-fstatr.o)
                0x000000000800d884                _fstat_r
 .text._isatty_r
                0x000000000800d8a8       0x20 /home/dmitryneuro/opt/Ac6/SystemWorkbench/plugins/fr.ac6.mcu.externaltools.arm-none.linux64_1.15.0.201708311556/tools/compiler/bin/../lib/gcc/arm-none-eabi/6.3.1/../../../../arm-none-eabi/lib/thumb/v7e-m/fpv5/hard/libc_nano.a(lib_a-isattyr.o)
                0x000000000800d8a8                _isatty_r
 *(.glue_7)
 .glue_7        0x000000000800d8c8        0x0 linker stubs
 *(.glue_7t)
 .glue_7t       0x000000000800d8c8        0x0 linker stubs
 *(.eh_frame)
 .eh_frame      0x000000000800d8c8        0x0 /home/dmitryneuro/opt/Ac6/SystemWorkbench/plugins/fr.ac6.mcu.externaltools.arm-none.linux64_1.15.0.201708311556/tools/compiler/bin/../lib/gcc/arm-none-eabi/6.3.1/thumb/v7e-m/fpv5/hard/crtbegin.o
 *(.init)
 .init          0x000000000800d8c8        0x4 /home/dmitryneuro/opt/Ac6/SystemWorkbench/plugins/fr.ac6.mcu.externaltools.arm-none.linux64_1.15.0.201708311556/tools/compiler/bin/../lib/gcc/arm-none-eabi/6.3.1/thumb/v7e-m/fpv5/hard/crti.o
                0x000000000800d8c8                _init
 .init          0x000000000800d8cc        0x8 /home/dmitryneuro/opt/Ac6/SystemWorkbench/plugins/fr.ac6.mcu.externaltools.arm-none.linux64_1.15.0.201708311556/tools/compiler/bin/../lib/gcc/arm-none-eabi/6.3.1/thumb/v7e-m/fpv5/hard/crtn.o
 *(.fini)
 .fini          0x000000000800d8d4        0x4 /home/dmitryneuro/opt/Ac6/SystemWorkbench/plugins/fr.ac6.mcu.externaltools.arm-none.linux64_1.15.0.201708311556/tools/compiler/bin/../lib/gcc/arm-none-eabi/6.3.1/thumb/v7e-m/fpv5/hard/crti.o
                0x000000000800d8d4                _fini
 .fini          0x000000000800d8d8        0x8 /home/dmitryneuro/opt/Ac6/SystemWorkbench/plugins/fr.ac6.mcu.externaltools.arm-none.linux64_1.15.0.201708311556/tools/compiler/bin/../lib/gcc/arm-none-eabi/6.3.1/thumb/v7e-m/fpv5/hard/crtn.o
                0x000000000800d8e0                . = ALIGN (0x4)
                0x000000000800d8e0                _etext = .

.vfp11_veneer   0x000000000800d8e0        0x0
 .vfp11_veneer  0x000000000800d8e0        0x0 linker stubs

.v4_bx          0x000000000800d8e0        0x0
 .v4_bx         0x000000000800d8e0        0x0 linker stubs

.iplt           0x000000000800d8e0        0x0
 .iplt          0x000000000800d8e0        0x0 /home/dmitryneuro/opt/Ac6/SystemWorkbench/plugins/fr.ac6.mcu.externaltools.arm-none.linux64_1.15.0.201708311556/tools/compiler/bin/../lib/gcc/arm-none-eabi/6.3.1/thumb/v7e-m/fpv5/hard/crtbegin.o
